Archive member included to satisfy reference by file (symbol)

e:/ac6/systemworkbench/plugins/fr.ac6.mcu.externaltools.arm-none.win32_1.16.0.201807130628/tools/compiler/bin/../lib/gcc/arm-none-eabi/7.2.1/thumb/v7e-m/fpv4-sp/hard\libgcc.a(_aeabi_uldivmod.o)
                              Drivers/STM32F4xx_HAL_Driver/Src/stm32f4xx_hal_rcc.o (__aeabi_uldivmod)
e:/ac6/systemworkbench/plugins/fr.ac6.mcu.externaltools.arm-none.win32_1.16.0.201807130628/tools/compiler/bin/../lib/gcc/arm-none-eabi/7.2.1/thumb/v7e-m/fpv4-sp/hard\libgcc.a(_udivmoddi4.o)
                              e:/ac6/systemworkbench/plugins/fr.ac6.mcu.externaltools.arm-none.win32_1.16.0.201807130628/tools/compiler/bin/../lib/gcc/arm-none-eabi/7.2.1/thumb/v7e-m/fpv4-sp/hard\libgcc.a(_aeabi_uldivmod.o) (__udivmoddi4)
e:/ac6/systemworkbench/plugins/fr.ac6.mcu.externaltools.arm-none.win32_1.16.0.201807130628/tools/compiler/bin/../lib/gcc/arm-none-eabi/7.2.1/thumb/v7e-m/fpv4-sp/hard\libgcc.a(_dvmd_tls.o)
                              e:/ac6/systemworkbench/plugins/fr.ac6.mcu.externaltools.arm-none.win32_1.16.0.201807130628/tools/compiler/bin/../lib/gcc/arm-none-eabi/7.2.1/thumb/v7e-m/fpv4-sp/hard\libgcc.a(_aeabi_uldivmod.o) (__aeabi_ldiv0)
e:/ac6/systemworkbench/plugins/fr.ac6.mcu.externaltools.arm-none.win32_1.16.0.201807130628/tools/compiler/bin/../lib/gcc/arm-none-eabi/7.2.1/../../../../arm-none-eabi/lib/thumb/v7e-m/fpv4-sp/hard\libc_nano.a(lib_a-exit.o)
                              e:/ac6/systemworkbench/plugins/fr.ac6.mcu.externaltools.arm-none.win32_1.16.0.201807130628/tools/compiler/bin/../lib/gcc/arm-none-eabi/7.2.1/../../../../arm-none-eabi/lib/thumb/v7e-m/fpv4-sp/hard/crt0.o (exit)
e:/ac6/systemworkbench/plugins/fr.ac6.mcu.externaltools.arm-none.win32_1.16.0.201807130628/tools/compiler/bin/../lib/gcc/arm-none-eabi/7.2.1/../../../../arm-none-eabi/lib/thumb/v7e-m/fpv4-sp/hard\libc_nano.a(lib_a-impure.o)
                              e:/ac6/systemworkbench/plugins/fr.ac6.mcu.externaltools.arm-none.win32_1.16.0.201807130628/tools/compiler/bin/../lib/gcc/arm-none-eabi/7.2.1/../../../../arm-none-eabi/lib/thumb/v7e-m/fpv4-sp/hard\libc_nano.a(lib_a-exit.o) (_global_impure_ptr)
e:/ac6/systemworkbench/plugins/fr.ac6.mcu.externaltools.arm-none.win32_1.16.0.201807130628/tools/compiler/bin/../lib/gcc/arm-none-eabi/7.2.1/../../../../arm-none-eabi/lib/thumb/v7e-m/fpv4-sp/hard\libc_nano.a(lib_a-init.o)
                              e:/ac6/systemworkbench/plugins/fr.ac6.mcu.externaltools.arm-none.win32_1.16.0.201807130628/tools/compiler/bin/../lib/gcc/arm-none-eabi/7.2.1/../../../../arm-none-eabi/lib/thumb/v7e-m/fpv4-sp/hard/crt0.o (__libc_init_array)
e:/ac6/systemworkbench/plugins/fr.ac6.mcu.externaltools.arm-none.win32_1.16.0.201807130628/tools/compiler/bin/../lib/gcc/arm-none-eabi/7.2.1/../../../../arm-none-eabi/lib/thumb/v7e-m/fpv4-sp/hard\libc_nano.a(lib_a-memcpy-stub.o)
                              Middlewares/Third_Party/FreeRTOS/Source/queue.o (memcpy)
e:/ac6/systemworkbench/plugins/fr.ac6.mcu.externaltools.arm-none.win32_1.16.0.201807130628/tools/compiler/bin/../lib/gcc/arm-none-eabi/7.2.1/../../../../arm-none-eabi/lib/thumb/v7e-m/fpv4-sp/hard\libc_nano.a(lib_a-memset.o)
                              e:/ac6/systemworkbench/plugins/fr.ac6.mcu.externaltools.arm-none.win32_1.16.0.201807130628/tools/compiler/bin/../lib/gcc/arm-none-eabi/7.2.1/../../../../arm-none-eabi/lib/thumb/v7e-m/fpv4-sp/hard/crt0.o (memset)
e:/ac6/systemworkbench/plugins/fr.ac6.mcu.externaltools.arm-none.win32_1.16.0.201807130628/tools/compiler/bin/../lib/gcc/arm-none-eabi/7.2.1/../../../../arm-none-eabi/lib/thumb/v7e-m/fpv4-sp/hard\libnosys.a(_exit.o)
                              e:/ac6/systemworkbench/plugins/fr.ac6.mcu.externaltools.arm-none.win32_1.16.0.201807130628/tools/compiler/bin/../lib/gcc/arm-none-eabi/7.2.1/../../../../arm-none-eabi/lib/thumb/v7e-m/fpv4-sp/hard\libc_nano.a(lib_a-exit.o) (_exit)

Allocating common symbols
Common symbol       size              file

inboundRecive       0x2               Src/main.o
hdma_usart2_rx      0x60              Src/main.o
sensorStatus        0x8               Src/main.o
revicerHandle       0x4               Src/main.o
uwTick              0x4               Drivers/STM32F4xx_HAL_Driver/Src/stm32f4xx_hal.o
xQueueRegistry      0x40              Middlewares/Third_Party/FreeRTOS/Source/queue.o
refresherHandle     0x4               Src/main.o
pFlash              0x20              Drivers/STM32F4xx_HAL_Driver/Src/stm32f4xx_hal_flash.o
buzzerCtrlHandle    0x4               Src/main.o
sensorAlarm         0x8               Src/main.o
uartSenderHandle    0x4               Src/main.o
htim1               0x3c              Src/stm32f4xx_hal_timebase_TIM.o
huart2              0x40              Src/main.o

Discarded input sections

 .text          0x00000000        0x0 e:/ac6/systemworkbench/plugins/fr.ac6.mcu.externaltools.arm-none.win32_1.16.0.201807130628/tools/compiler/bin/../lib/gcc/arm-none-eabi/7.2.1/thumb/v7e-m/fpv4-sp/hard/crti.o
[...]
Memory Configuration

Name             Origin             Length             Attributes
RAM              0x20000000         0x00020000         xrw
CCMRAM           0x10000000         0x00010000         rw
FLASH            0x08000000         0x00100000         xr
*default*        0x00000000         0xffffffff

Linker script and memory map

LOAD e:/ac6/systemworkbench/plugins/fr.ac6.mcu.externaltools.arm-none.win32_1.16.0.201807130628/tools/compiler/bin/../lib/gcc/arm-none-eabi/7.2.1/thumb/v7e-m/fpv4-sp/hard/crti.o
LOAD e:/ac6/systemworkbench/plugins/fr.ac6.mcu.externaltools.arm-none.win32_1.16.0.201807130628/tools/compiler/bin/../lib/gcc/arm-none-eabi/7.2.1/thumb/v7e-m/fpv4-sp/hard/crtbegin.o
LOAD e:/ac6/systemworkbench/plugins/fr.ac6.mcu.externaltools.arm-none.win32_1.16.0.201807130628/tools/compiler/bin/../lib/gcc/arm-none-eabi/7.2.1/../../../../arm-none-eabi/lib/thumb/v7e-m/fpv4-sp/hard/crt0.o
LOAD Drivers/STM32F4xx_HAL_Driver/Src/stm32f4xx_hal.o
LOAD Drivers/STM32F4xx_HAL_Driver/Src/stm32f4xx_hal_cortex.o
LOAD Drivers/STM32F4xx_HAL_Driver/Src/stm32f4xx_hal_dma.o
LOAD Drivers/STM32F4xx_HAL_Driver/Src/stm32f4xx_hal_dma_ex.o
LOAD Drivers/STM32F4xx_HAL_Driver/Src/stm32f4xx_hal_flash.o
LOAD Drivers/STM32F4xx_HAL_Driver/Src/stm32f4xx_hal_flash_ex.o
LOAD Drivers/STM32F4xx_HAL_Driver/Src/stm32f4xx_hal_flash_ramfunc.o
LOAD Drivers/STM32F4xx_HAL_Driver/Src/stm32f4xx_hal_gpio.o
LOAD Drivers/STM32F4xx_HAL_Driver/Src/stm32f4xx_hal_pwr.o
LOAD Drivers/STM32F4xx_HAL_Driver/Src/stm32f4xx_hal_pwr_ex.o
LOAD Drivers/STM32F4xx_HAL_Driver/Src/stm32f4xx_hal_rcc.o
LOAD Drivers/STM32F4xx_HAL_Driver/Src/stm32f4xx_hal_rcc_ex.o
LOAD Drivers/STM32F4xx_HAL_Driver/Src/stm32f4xx_hal_tim.o
LOAD Drivers/STM32F4xx_HAL_Driver/Src/stm32f4xx_hal_tim_ex.o
LOAD Drivers/STM32F4xx_HAL_Driver/Src/stm32f4xx_hal_uart.o
LOAD Middlewares/Third_Party/FreeRTOS/Source/CMSIS_RTOS/cmsis_os.o
LOAD Middlewares/Third_Party/FreeRTOS/Source/croutine.o
LOAD Middlewares/Third_Party/FreeRTOS/Source/event_groups.o
LOAD Middlewares/Third_Party/FreeRTOS/Source/list.o
LOAD Middlewares/Third_Party/FreeRTOS/Source/queue.o
LOAD Middlewares/Third_Party/FreeRTOS/Source/tasks.o
LOAD Middlewares/Third_Party/FreeRTOS/Source/timers.o
LOAD Middlewares/Third_Party/FreeRTOS/Source/portable/GCC/ARM_CM4F/port.o
LOAD Middlewares/Third_Party/FreeRTOS/Source/portable/MemMang/heap_4.o
LOAD Src/freertos.o
LOAD Src/main.o
LOAD Src/stm32f4xx_hal_msp.o
LOAD Src/stm32f4xx_hal_timebase_TIM.o
LOAD Src/stm32f4xx_it.o
LOAD Src/system_stm32f4xx.o
LOAD startup/startup_stm32f407xx.o
LOAD e:/ac6/systemworkbench/plugins/fr.ac6.mcu.externaltools.arm-none.win32_1.16.0.201807130628/tools/compiler/bin/../lib/gcc/arm-none-eabi/7.2.1/../../../../arm-none-eabi/lib/thumb/v7e-m/fpv4-sp/hard\libm.a
START GROUP
LOAD e:/ac6/systemworkbench/plugins/fr.ac6.mcu.externaltools.arm-none.win32_1.16.0.201807130628/tools/compiler/bin/../lib/gcc/arm-none-eabi/7.2.1/thumb/v7e-m/fpv4-sp/hard\libgcc.a
LOAD e:/ac6/systemworkbench/plugins/fr.ac6.mcu.externaltools.arm-none.win32_1.16.0.201807130628/tools/compiler/bin/../lib/gcc/arm-none-eabi/7.2.1/../../../../arm-none-eabi/lib/thumb/v7e-m/fpv4-sp/hard\libc_nano.a
END GROUP
START GROUP
LOAD e:/ac6/systemworkbench/plugins/fr.ac6.mcu.externaltools.arm-none.win32_1.16.0.201807130628/tools/compiler/bin/../lib/gcc/arm-none-eabi/7.2.1/thumb/v7e-m/fpv4-sp/hard\libgcc.a
LOAD e:/ac6/systemworkbench/plugins/fr.ac6.mcu.externaltools.arm-none.win32_1.16.0.201807130628/tools/compiler/bin/../lib/gcc/arm-none-eabi/7.2.1/../../../../arm-none-eabi/lib/thumb/v7e-m/fpv4-sp/hard\libc_nano.a
LOAD e:/ac6/systemworkbench/plugins/fr.ac6.mcu.externaltools.arm-none.win32_1.16.0.201807130628/tools/compiler/bin/../lib/gcc/arm-none-eabi/7.2.1/../../../../arm-none-eabi/lib/thumb/v7e-m/fpv4-sp/hard\libnosys.a
END GROUP
START GROUP
LOAD e:/ac6/systemworkbench/plugins/fr.ac6.mcu.externaltools.arm-none.win32_1.16.0.201807130628/tools/compiler/bin/../lib/gcc/arm-none-eabi/7.2.1/thumb/v7e-m/fpv4-sp/hard\libgcc.a
LOAD e:/ac6/systemworkbench/plugins/fr.ac6.mcu.externaltools.arm-none.win32_1.16.0.201807130628/tools/compiler/bin/../lib/gcc/arm-none-eabi/7.2.1/../../../../arm-none-eabi/lib/thumb/v7e-m/fpv4-sp/hard\libc_nano.a
LOAD e:/ac6/systemworkbench/plugins/fr.ac6.mcu.externaltools.arm-none.win32_1.16.0.201807130628/tools/compiler/bin/../lib/gcc/arm-none-eabi/7.2.1/../../../../arm-none-eabi/lib/thumb/v7e-m/fpv4-sp/hard\libnosys.a
END GROUP
LOAD e:/ac6/systemworkbench/plugins/fr.ac6.mcu.externaltools.arm-none.win32_1.16.0.201807130628/tools/compiler/bin/../lib/gcc/arm-none-eabi/7.2.1/thumb/v7e-m/fpv4-sp/hard/crtend.o
LOAD e:/ac6/systemworkbench/plugins/fr.ac6.mcu.externaltools.arm-none.win32_1.16.0.201807130628/tools/compiler/bin/../lib/gcc/arm-none-eabi/7.2.1/thumb/v7e-m/fpv4-sp/hard/crtn.o
                0x20020000                _estack = 0x20020000
                0x00000200                _Min_Heap_Size = 0x200
                0x00000400                _Min_Stack_Size = 0x400

.isr_vector     0x08000000      0x188
                0x08000000                . = ALIGN (0x4)
 *(.isr_vector)
 .isr_vector    0x08000000      0x188 startup/startup_stm32f407xx.o
                0x08000000                g_pfnVectors
                0x08000188                . = ALIGN (0x4)

.text           0x08000190     0x3e6c
                0x08000190                . = ALIGN (0x4)
 *(.text)
 .text          0x08000190       0x40 e:/ac6/systemworkbench/plugins/fr.ac6.mcu.externaltools.arm-none.win32_1.16.0.201807130628/tools/compiler/bin/../lib/gcc/arm-none-eabi/7.2.1/thumb/v7e-m/fpv4-sp/hard/crtbegin.o
 .text          0x080001d0       0x30 e:/ac6/systemworkbench/plugins/fr.ac6.mcu.externaltools.arm-none.win32_1.16.0.201807130628/tools/compiler/bin/../lib/gcc/arm-none-eabi/7.2.1/thumb/v7e-m/fpv4-sp/hard\libgcc.a(_aeabi_uldivmod.o)
                0x080001d0                __aeabi_uldivmod
 .text          0x08000200      0x2cc e:/ac6/systemworkbench/plugins/fr.ac6.mcu.externaltools.arm-none.win32_1.16.0.201807130628/tools/compiler/bin/../lib/gcc/arm-none-eabi/7.2.1/thumb/v7e-m/fpv4-sp/hard\libgcc.a(_udivmoddi4.o)
                0x08000200                __udivmoddi4
 .text          0x080004cc        0x4 e:/ac6/systemworkbench/plugins/fr.ac6.mcu.externaltools.arm-none.win32_1.16.0.201807130628/tools/compiler/bin/../lib/gcc/arm-none-eabi/7.2.1/thumb/v7e-m/fpv4-sp/hard\libgcc.a(_dvmd_tls.o)
                0x080004cc                __aeabi_idiv0
                0x080004cc                __aeabi_ldiv0
 *(.text*)
 .text.HAL_Init
                0x080004d0       0x34 Drivers/STM32F4xx_HAL_Driver/Src/stm32f4xx_hal.o
                0x080004d0                HAL_Init
 .text.HAL_IncTick
                0x08000504       0x18 Drivers/STM32F4xx_HAL_Driver/Src/stm32f4xx_hal.o
                0x08000504                HAL_IncTick
 .text.HAL_GetTick
                0x0800051c        0xc Drivers/STM32F4xx_HAL_Driver/Src/stm32f4xx_hal.o
                0x0800051c                HAL_GetTick
 .text.HAL_NVIC_SetPriorityGrouping
                0x08000528       0x24 Drivers/STM32F4xx_HAL_Driver/Src/stm32f4xx_hal_cortex.o
                0x08000528                HAL_NVIC_SetPriorityGrouping
 .text.HAL_NVIC_SetPriority
                0x0800054c       0x68 Drivers/STM32F4xx_HAL_Driver/Src/stm32f4xx_hal_cortex.o
                0x0800054c                HAL_NVIC_SetPriority
 .text.HAL_NVIC_EnableIRQ
                0x080005b4       0x18 Drivers/STM32F4xx_HAL_Driver/Src/stm32f4xx_hal_cortex.o
                0x080005b4                HAL_NVIC_EnableIRQ
 .text.HAL_SYSTICK_Config
                0x080005cc       0x2c Drivers/STM32F4xx_HAL_Driver/Src/stm32f4xx_hal_cortex.o
                0x080005cc                HAL_SYSTICK_Config
 .text.HAL_SYSTICK_CLKSourceConfig
                0x080005f8       0x20 Drivers/STM32F4xx_HAL_Driver/Src/stm32f4xx_hal_cortex.o
                0x080005f8                HAL_SYSTICK_CLKSourceConfig
 .text.DMA_SetConfig
                0x08000618       0x2c Drivers/STM32F4xx_HAL_Driver/Src/stm32f4xx_hal_dma.o
 .text.DMA_CalcBaseAndBitshift
                0x08000644       0x3c Drivers/STM32F4xx_HAL_Driver/Src/stm32f4xx_hal_dma.o
 .text.DMA_CheckFifoParam
                0x08000680       0x8e Drivers/STM32F4xx_HAL_Driver/Src/stm32f4xx_hal_dma.o
 *fill*         0x0800070e        0x2 
 .text.HAL_DMA_Init
                0x08000710       0xcc Drivers/STM32F4xx_HAL_Driver/Src/stm32f4xx_hal_dma.o
                0x08000710                HAL_DMA_Init
 .text.HAL_DMA_Start_IT
                0x080007dc       0x74 Drivers/STM32F4xx_HAL_Driver/Src/stm32f4xx_hal_dma.o
                0x080007dc                HAL_DMA_Start_IT
 .text.HAL_DMA_IRQHandler
                0x08000850      0x1dc Drivers/STM32F4xx_HAL_Driver/Src/stm32f4xx_hal_dma.o
                0x08000850                HAL_DMA_IRQHandler
 .text.HAL_GPIO_Init
                0x08000a2c      0x1c8 Drivers/STM32F4xx_HAL_Driver/Src/stm32f4xx_hal_gpio.o
                0x08000a2c                HAL_GPIO_Init
 .text.HAL_GPIO_ReadPin
                0x08000bf4        0xe Drivers/STM32F4xx_HAL_Driver/Src/stm32f4xx_hal_gpio.o
                0x08000bf4                HAL_GPIO_ReadPin
 .text.HAL_GPIO_WritePin
                0x08000c02        0xc Drivers/STM32F4xx_HAL_Driver/Src/stm32f4xx_hal_gpio.o
                0x08000c02                HAL_GPIO_WritePin
 .text.HAL_GPIO_TogglePin
                0x08000c0e        0x8 Drivers/STM32F4xx_HAL_Driver/Src/stm32f4xx_hal_gpio.o
                0x08000c0e                HAL_GPIO_TogglePin
 *fill*         0x08000c16        0x2 
 .text.HAL_RCC_OscConfig
                0x08000c18      0x398 Drivers/STM32F4xx_HAL_Driver/Src/stm32f4xx_hal_rcc.o
                0x08000c18                HAL_RCC_OscConfig
 .text.HAL_RCC_GetSysClockFreq
                0x08000fb0       0xd8 Drivers/STM32F4xx_HAL_Driver/Src/stm32f4xx_hal_rcc.o
                0x08000fb0                HAL_RCC_GetSysClockFreq
 .text.HAL_RCC_ClockConfig
                0x08001088      0x158 Drivers/STM32F4xx_HAL_Driver/Src/stm32f4xx_hal_rcc.o
                0x08001088                HAL_RCC_ClockConfig
 .text.HAL_RCC_GetHCLKFreq
                0x080011e0        0xc Drivers/STM32F4xx_HAL_Driver/Src/stm32f4xx_hal_rcc.o
                0x080011e0                HAL_RCC_GetHCLKFreq
 .text.HAL_RCC_GetPCLK1Freq
                0x080011ec       0x20 Drivers/STM32F4xx_HAL_Driver/Src/stm32f4xx_hal_rcc.o
                0x080011ec                HAL_RCC_GetPCLK1Freq
 .text.HAL_RCC_GetPCLK2Freq
                0x0800120c       0x20 Drivers/STM32F4xx_HAL_Driver/Src/stm32f4xx_hal_rcc.o
                0x0800120c                HAL_RCC_GetPCLK2Freq
 .text.HAL_RCC_GetClockConfig
                0x0800122c       0x3c Drivers/STM32F4xx_HAL_Driver/Src/stm32f4xx_hal_rcc.o
                0x0800122c                HAL_RCC_GetClockConfig
 .text.HAL_TIM_Base_MspInit
                0x08001268        0x2 Drivers/STM32F4xx_HAL_Driver/Src/stm32f4xx_hal_tim.o
                0x08001268                HAL_TIM_Base_MspInit
 .text.HAL_TIM_Base_Start_IT
                0x0800126a       0x18 Drivers/STM32F4xx_HAL_Driver/Src/stm32f4xx_hal_tim.o
                0x0800126a                HAL_TIM_Base_Start_IT
 .text.HAL_TIM_OC_DelayElapsedCallback
                0x08001282        0x2 Drivers/STM32F4xx_HAL_Driver/Src/stm32f4xx_hal_tim.o
                0x08001282                HAL_TIM_OC_DelayElapsedCallback
 .text.HAL_TIM_IC_CaptureCallback
                0x08001284        0x2 Drivers/STM32F4xx_HAL_Driver/Src/stm32f4xx_hal_tim.o
                0x08001284                HAL_TIM_IC_CaptureCallback
 .text.HAL_TIM_PWM_PulseFinishedCallback
                0x08001286        0x2 Drivers/STM32F4xx_HAL_Driver/Src/stm32f4xx_hal_tim.o
                0x08001286                HAL_TIM_PWM_PulseFinishedCallback
 .text.HAL_TIM_TriggerCallback
                0x08001288        0x2 Drivers/STM32F4xx_HAL_Driver/Src/stm32f4xx_hal_tim.o
                0x08001288                HAL_TIM_TriggerCallback
 .text.HAL_TIM_IRQHandler
                0x0800128a      0x17a Drivers/STM32F4xx_HAL_Driver/Src/stm32f4xx_hal_tim.o
                0x0800128a                HAL_TIM_IRQHandler
 .text.TIM_Base_SetConfig
                0x08001404       0xc0 Drivers/STM32F4xx_HAL_Driver/Src/stm32f4xx_hal_tim.o
                0x08001404                TIM_Base_SetConfig
 .text.HAL_TIM_Base_Init
                0x080014c4       0x32 Drivers/STM32F4xx_HAL_Driver/Src/stm32f4xx_hal_tim.o
                0x080014c4                HAL_TIM_Base_Init
 .text.HAL_TIMEx_CommutationCallback
                0x080014f6        0x2 Drivers/STM32F4xx_HAL_Driver/Src/stm32f4xx_hal_tim_ex.o
                0x080014f6                HAL_TIMEx_CommutationCallback
 .text.HAL_TIMEx_BreakCallback
                0x080014f8        0x2 Drivers/STM32F4xx_HAL_Driver/Src/stm32f4xx_hal_tim_ex.o
                0x080014f8                HAL_TIMEx_BreakCallback
 .text.UART_EndTxTransfer
                0x080014fa       0x12 Drivers/STM32F4xx_HAL_Driver/Src/stm32f4xx_hal_uart.o
 .text.UART_EndRxTransfer
                0x0800150c       0x1c Drivers/STM32F4xx_HAL_Driver/Src/stm32f4xx_hal_uart.o
 .text.UART_SetConfig
                0x08001528      0x334 Drivers/STM32F4xx_HAL_Driver/Src/stm32f4xx_hal_uart.o
 .text.UART_WaitOnFlagUntilTimeout
                0x0800185c       0x62 Drivers/STM32F4xx_HAL_Driver/Src/stm32f4xx_hal_uart.o
 .text.HAL_UART_Init
                0x080018be       0x5e Drivers/STM32F4xx_HAL_Driver/Src/stm32f4xx_hal_uart.o
                0x080018be                HAL_UART_Init
 .text.HAL_UART_Transmit
                0x0800191c       0xe0 Drivers/STM32F4xx_HAL_Driver/Src/stm32f4xx_hal_uart.o
                0x0800191c                HAL_UART_Transmit
 .text.HAL_UART_Receive_DMA
                0x080019fc       0xa8 Drivers/STM32F4xx_HAL_Driver/Src/stm32f4xx_hal_uart.o
                0x080019fc                HAL_UART_Receive_DMA
 .text.UART_DMAReceiveCplt
                0x08001aa4       0x3e Drivers/STM32F4xx_HAL_Driver/Src/stm32f4xx_hal_uart.o
 .text.HAL_UART_RxHalfCpltCallback
                0x08001ae2        0x2 Drivers/STM32F4xx_HAL_Driver/Src/stm32f4xx_hal_uart.o
                0x08001ae2                HAL_UART_RxHalfCpltCallback
 .text.UART_DMARxHalfCplt
                0x08001ae4        0xa Drivers/STM32F4xx_HAL_Driver/Src/stm32f4xx_hal_uart.o
 .text.HAL_UART_ErrorCallback
                0x08001aee        0x2 Drivers/STM32F4xx_HAL_Driver/Src/stm32f4xx_hal_uart.o
                0x08001aee                HAL_UART_ErrorCallback
 .text.UART_DMAError
                0x08001af0       0x58 Drivers/STM32F4xx_HAL_Driver/Src/stm32f4xx_hal_uart.o
 .text.makeFreeRtosPriority
                0x08001b48        0xc Middlewares/Third_Party/FreeRTOS/Source/CMSIS_RTOS/cmsis_os.o
 .text.inHandlerMode
                0x08001b54        0xc Middlewares/Third_Party/FreeRTOS/Source/CMSIS_RTOS/cmsis_os.o
 .text.osKernelStart
                0x08001b60        0xa Middlewares/Third_Party/FreeRTOS/Source/CMSIS_RTOS/cmsis_os.o
                0x08001b60                osKernelStart
 .text.osThreadCreate
                0x08001b6a       0x34 Middlewares/Third_Party/FreeRTOS/Source/CMSIS_RTOS/cmsis_os.o
                0x08001b6a                osThreadCreate
 .text.osDelay  0x08001b9e       0x12 Middlewares/Third_Party/FreeRTOS/Source/CMSIS_RTOS/cmsis_os.o
                0x08001b9e                osDelay
 .text.osTimerCreate
                0x08001bb0       0x28 Middlewares/Third_Party/FreeRTOS/Source/CMSIS_RTOS/cmsis_os.o
                0x08001bb0                osTimerCreate
 .text.osTimerStart
                0x08001bd8       0x6c Middlewares/Third_Party/FreeRTOS/Source/CMSIS_RTOS/cmsis_os.o
                0x08001bd8                osTimerStart
 .text.osTimerStop
                0x08001c44       0x64 Middlewares/Third_Party/FreeRTOS/Source/CMSIS_RTOS/cmsis_os.o
                0x08001c44                osTimerStop
 .text.osSystickHandler
                0x08001ca8       0x10 Middlewares/Third_Party/FreeRTOS/Source/CMSIS_RTOS/cmsis_os.o
                0x08001ca8                osSystickHandler
 .text.vListInitialise
                0x08001cb8       0x16 Middlewares/Third_Party/FreeRTOS/Source/list.o
                0x08001cb8                vListInitialise
 .text.vListInitialiseItem
                0x08001cce        0x6 Middlewares/Third_Party/FreeRTOS/Source/list.o
                0x08001cce                vListInitialiseItem
 .text.vListInsertEnd
                0x08001cd4       0x18 Middlewares/Third_Party/FreeRTOS/Source/list.o
                0x08001cd4                vListInsertEnd
 .text.vListInsert
                0x08001cec       0x34 Middlewares/Third_Party/FreeRTOS/Source/list.o
                0x08001cec                vListInsert
 .text.uxListRemove
                0x08001d20       0x26 Middlewares/Third_Party/FreeRTOS/Source/list.o
                0x08001d20                uxListRemove
 .text.prvIsQueueFull
                0x08001d46       0x1e Middlewares/Third_Party/FreeRTOS/Source/queue.o
 .text.prvIsQueueEmpty
                0x08001d64       0x1a Middlewares/Third_Party/FreeRTOS/Source/queue.o
 .text.prvCopyDataToQueue
                0x08001d7e       0x76 Middlewares/Third_Party/FreeRTOS/Source/queue.o
 .text.prvCopyDataFromQueue
                0x08001df4       0x24 Middlewares/Third_Party/FreeRTOS/Source/queue.o
 .text.prvUnlockQueue
                0x08001e18       0x6e Middlewares/Third_Party/FreeRTOS/Source/queue.o
 *fill*         0x08001e86        0x2 
 .text.xQueueGenericReset
                0x08001e88       0x84 Middlewares/Third_Party/FreeRTOS/Source/queue.o
                0x08001e88                xQueueGenericReset
 .text.prvInitialiseNewQueue
                0x08001f0c       0x1c Middlewares/Third_Party/FreeRTOS/Source/queue.o
 .text.xQueueGenericCreate
                0x08001f28       0x48 Middlewares/Third_Party/FreeRTOS/Source/queue.o
                0x08001f28                xQueueGenericCreate
 .text.xQueueGenericSend
                0x08001f70      0x17c Middlewares/Third_Party/FreeRTOS/Source/queue.o
                0x08001f70                xQueueGenericSend
 .text.xQueueGenericSendFromISR
                0x080020ec       0xcc Middlewares/Third_Party/FreeRTOS/Source/queue.o
                0x080020ec                xQueueGenericSendFromISR
 .text.xQueueGenericReceive
                0x080021b8      0x1a4 Middlewares/Third_Party/FreeRTOS/Source/queue.o
                0x080021b8                xQueueGenericReceive
 .text.vQueueAddToRegistry
                0x0800235c       0x28 Middlewares/Third_Party/FreeRTOS/Source/queue.o
                0x0800235c                vQueueAddToRegistry
 .text.vQueueWaitForMessageRestricted
                0x08002384       0x52 Middlewares/Third_Party/FreeRTOS/Source/queue.o
                0x08002384                vQueueWaitForMessageRestricted
 *fill*         0x080023d6        0x2 
 .text.prvResetNextTaskUnblockTime
                0x080023d8       0x24 Middlewares/Third_Party/FreeRTOS/Source/tasks.o
 .text.prvDeleteTCB
                0x080023fc       0x12 Middlewares/Third_Party/FreeRTOS/Source/tasks.o
 .text.prvInitialiseNewTask
                0x0800240e       0x80 Middlewares/Third_Party/FreeRTOS/Source/tasks.o
 *fill*         0x0800248e        0x2 
 .text.prvInitialiseTaskLists
                0x08002490       0x58 Middlewares/Third_Party/FreeRTOS/Source/tasks.o
 .text.prvAddNewTaskToReadyList
                0x080024e8       0xac Middlewares/Third_Party/FreeRTOS/Source/tasks.o
 .text.prvAddCurrentTaskToDelayedList
                0x08002594       0x88 Middlewares/Third_Party/FreeRTOS/Source/tasks.o
 .text.xTaskCreate
                0x0800261c       0x62 Middlewares/Third_Party/FreeRTOS/Source/tasks.o
                0x0800261c                xTaskCreate
 *fill*         0x0800267e        0x2 
 .text.vTaskStartScheduler
                0x08002680       0x7c Middlewares/Third_Party/FreeRTOS/Source/tasks.o
                0x08002680                vTaskStartScheduler
 .text.vTaskSuspendAll
                0x080026fc       0x14 Middlewares/Third_Party/FreeRTOS/Source/tasks.o
                0x080026fc                vTaskSuspendAll
 .text.xTaskGetTickCount
                0x08002710        0xc Middlewares/Third_Party/FreeRTOS/Source/tasks.o
                0x08002710                xTaskGetTickCount
 .text.xTaskIncrementTick
                0x0800271c      0x10c Middlewares/Third_Party/FreeRTOS/Source/tasks.o
                0x0800271c                xTaskIncrementTick
 .text.xTaskResumeAll
                0x08002828       0xf0 Middlewares/Third_Party/FreeRTOS/Source/tasks.o
                0x08002828                xTaskResumeAll
 .text.vTaskDelay
                0x08002918       0x4c Middlewares/Third_Party/FreeRTOS/Source/tasks.o
                0x08002918                vTaskDelay
 .text.prvCheckTasksWaitingTermination
                0x08002964       0x54 Middlewares/Third_Party/FreeRTOS/Source/tasks.o
 .text.prvIdleTask
                0x080029b8       0x28 Middlewares/Third_Party/FreeRTOS/Source/tasks.o
 .text.vTaskSwitchContext
                0x080029e0       0x90 Middlewares/Third_Party/FreeRTOS/Source/tasks.o
                0x080029e0                vTaskSwitchContext
 .text.vTaskPlaceOnEventList
                0x08002a70       0x34 Middlewares/Third_Party/FreeRTOS/Source/tasks.o
                0x08002a70                vTaskPlaceOnEventList
 .text.vTaskPlaceOnEventListRestricted
                0x08002aa4       0x3c Middlewares/Third_Party/FreeRTOS/Source/tasks.o
                0x08002aa4                vTaskPlaceOnEventListRestricted
 .text.xTaskRemoveFromEventList
                0x08002ae0       0x84 Middlewares/Third_Party/FreeRTOS/Source/tasks.o
                0x08002ae0                xTaskRemoveFromEventList
 .text.vTaskSetTimeOutState
                0x08002b64       0x28 Middlewares/Third_Party/FreeRTOS/Source/tasks.o
                0x08002b64                vTaskSetTimeOutState
 .text.xTaskCheckForTimeOut
                0x08002b8c       0x80 Middlewares/Third_Party/FreeRTOS/Source/tasks.o
                0x08002b8c                xTaskCheckForTimeOut
 .text.vTaskMissedYield
                0x08002c0c       0x10 Middlewares/Third_Party/FreeRTOS/Source/tasks.o
                0x08002c0c                vTaskMissedYield
 .text.xTaskGetSchedulerState
                0x08002c1c       0x20 Middlewares/Third_Party/FreeRTOS/Source/tasks.o
                0x08002c1c                xTaskGetSchedulerState
 .text.vTaskPriorityInherit
                0x08002c3c       0xac Middlewares/Third_Party/FreeRTOS/Source/tasks.o
                0x08002c3c                vTaskPriorityInherit
 .text.xTaskPriorityDisinherit
                0x08002ce8       0xb0 Middlewares/Third_Party/FreeRTOS/Source/tasks.o
                0x08002ce8                xTaskPriorityDisinherit
 .text.pvTaskIncrementMutexHeldCount
                0x08002d98       0x20 Middlewares/Third_Party/FreeRTOS/Source/tasks.o
                0x08002d98                pvTaskIncrementMutexHeldCount
 .text.prvGetNextExpireTime
                0x08002db8       0x20 Middlewares/Third_Party/FreeRTOS/Source/timers.o
 .text.prvInsertTimerInActiveList
                0x08002dd8       0x44 Middlewares/Third_Party/FreeRTOS/Source/timers.o
 .text.prvCheckForValidListAndQueue
                0x08002e1c       0x4c Middlewares/Third_Party/FreeRTOS/Source/timers.o
 .text.prvInitialiseNewTimer
                0x08002e68       0x40 Middlewares/Third_Party/FreeRTOS/Source/timers.o
 .text.xTimerCreateTimerTask
                0x08002ea8       0x50 Middlewares/Third_Party/FreeRTOS/Source/timers.o
                0x08002ea8                xTimerCreateTimerTask
 .text.xTimerCreate
                0x08002ef8       0x32 Middlewares/Third_Party/FreeRTOS/Source/timers.o
                0x08002ef8                xTimerCreate
 *fill*         0x08002f2a        0x2 
 .text.xTimerGenericCommand
                0x08002f2c       0x6c Middlewares/Third_Party/FreeRTOS/Source/timers.o
                0x08002f2c                xTimerGenericCommand
 .text.prvSwitchTimerLists
                0x08002f98       0x88 Middlewares/Third_Party/FreeRTOS/Source/timers.o
 .text.prvSampleTimeNow
                0x08003020       0x2c Middlewares/Third_Party/FreeRTOS/Source/timers.o
 .text.prvProcessExpiredTimer
                0x0800304c       0x60 Middlewares/Third_Party/FreeRTOS/Source/timers.o
 .text.prvProcessTimerOrBlockTask
                0x080030ac       0x70 Middlewares/Third_Party/FreeRTOS/Source/timers.o
 .text.prvProcessReceivedCommands
                0x0800311c       0xe4 Middlewares/Third_Party/FreeRTOS/Source/timers.o
 .text.prvTimerTask
                0x08003200       0x16 Middlewares/Third_Party/FreeRTOS/Source/timers.o
 *fill*         0x08003216        0x2 
 .text.prvTaskExitError
                0x08003218       0x34 Middlewares/Third_Party/FreeRTOS/Source/portable/GCC/ARM_CM4F/port.o
 .text.prvPortStartFirstTask
                0x0800324c       0x20 Middlewares/Third_Party/FreeRTOS/Source/portable/GCC/ARM_CM4F/port.o
 .text.vPortEnableVFP
                0x0800326c       0x14 Middlewares/Third_Party/FreeRTOS/Source/portable/GCC/ARM_CM4F/port.o
 .text.pxPortInitialiseStack
                0x08003280       0x2c Middlewares/Third_Party/FreeRTOS/Source/portable/GCC/ARM_CM4F/port.o
                0x08003280                pxPortInitialiseStack
 *fill*         0x080032ac        0x4 
 .text.SVC_Handler
                0x080032b0       0x24 Middlewares/Third_Party/FreeRTOS/Source/portable/GCC/ARM_CM4F/port.o
                0x080032b0                SVC_Handler
 .text.vPortEnterCritical
                0x080032d4       0x44 Middlewares/Third_Party/FreeRTOS/Source/portable/GCC/ARM_CM4F/port.o
                0x080032d4                vPortEnterCritical
 .text.vPortExitCritical
                0x08003318       0x2c Middlewares/Third_Party/FreeRTOS/Source/portable/GCC/ARM_CM4F/port.o
                0x08003318                vPortExitCritical
 *fill*         0x08003344        0xc 
 .text.PendSV_Handler
                0x08003350       0x64 Middlewares/Third_Party/FreeRTOS/Source/portable/GCC/ARM_CM4F/port.o
                0x08003350                PendSV_Handler
 .text.xPortSysTickHandler
                0x080033b4       0x2c Middlewares/Third_Party/FreeRTOS/Source/portable/GCC/ARM_CM4F/port.o
                0x080033b4                xPortSysTickHandler
 .text.vPortSetupTimerInterrupt
                0x080033e0       0x2c Middlewares/Third_Party/FreeRTOS/Source/portable/GCC/ARM_CM4F/port.o
                0x080033e0                vPortSetupTimerInterrupt
 .text.xPortStartScheduler
                0x0800340c       0xe8 Middlewares/Third_Party/FreeRTOS/Source/portable/GCC/ARM_CM4F/port.o
                0x0800340c                xPortStartScheduler
 .text.vPortValidateInterruptPriority
                0x080034f4       0x58 Middlewares/Third_Party/FreeRTOS/Source/portable/GCC/ARM_CM4F/port.o
                0x080034f4                vPortValidateInterruptPriority
 .text.prvHeapInit
                0x0800354c       0x4c Middlewares/Third_Party/FreeRTOS/Source/portable/MemMang/heap_4.o
 .text.prvInsertBlockIntoFreeList
                0x08003598       0x54 Middlewares/Third_Party/FreeRTOS/Source/portable/MemMang/heap_4.o
 .text.pvPortMalloc
                0x080035ec       0xf4 Middlewares/Third_Party/FreeRTOS/Source/portable/MemMang/heap_4.o
                0x080035ec                pvPortMalloc
 .text.vPortFree
                0x080036e0       0x6c Middlewares/Third_Party/FreeRTOS/Source/portable/MemMang/heap_4.o
                0x080036e0                vPortFree
 .text.MX_GPIO_Init
                0x0800374c      0x218 Src/main.o
 .text.MX_DMA_Init
                0x08003964       0x34 Src/main.o
 .text.uartReciveTask
                0x08003998       0x1c Src/main.o
                0x08003998                uartReciveTask
 .text.senderCallback
                0x080039b4       0x18 Src/main.o
                0x080039b4                senderCallback
 .text.buzzerController
                0x080039cc       0xac Src/main.o
                0x080039cc                buzzerController
 .text.refreshSensor
                0x08003a78       0x7c Src/main.o
                0x08003a78                refreshSensor
 .text.HAL_UART_RxCpltCallback
                0x08003af4       0x5c Src/main.o
                0x08003af4                HAL_UART_RxCpltCallback
 .text.HAL_TIM_PeriodElapsedCallback
                0x08003b50       0x18 Src/main.o
                0x08003b50                HAL_TIM_PeriodElapsedCallback
 .text._Error_Handler
                0x08003b68        0x2 Src/main.o
                0x08003b68                _Error_Handler
 *fill*         0x08003b6a        0x2 
 .text.MX_USART2_UART_Init
                0x08003b6c       0x3c Src/main.o
 .text.SystemClock_Config
                0x08003ba8       0xc4 Src/main.o
                0x08003ba8                SystemClock_Config
 .text.main     0x08003c6c       0xa8 Src/main.o
                0x08003c6c                main
 .text.HAL_MspInit
                0x08003d14       0x94 Src/stm32f4xx_hal_msp.o
                0x08003d14                HAL_MspInit
 .text.HAL_UART_MspInit
                0x08003da8       0x98 Src/stm32f4xx_hal_msp.o
                0x08003da8                HAL_UART_MspInit
 .text.HAL_InitTick
                0x08003e40       0x7c Src/stm32f4xx_hal_timebase_TIM.o
                0x08003e40                HAL_InitTick
 .text.SysTick_Handler
                0x08003ebc        0x8 Src/stm32f4xx_it.o
                0x08003ebc                SysTick_Handler
 .text.DMA1_Stream5_IRQHandler
                0x08003ec4       0x10 Src/stm32f4xx_it.o
                0x08003ec4                DMA1_Stream5_IRQHandler
 .text.TIM1_UP_TIM10_IRQHandler
                0x08003ed4       0x10 Src/stm32f4xx_it.o
                0x08003ed4                TIM1_UP_TIM10_IRQHandler
 .text.SystemInit
                0x08003ee4       0x4c Src/system_stm32f4xx.o
                0x08003ee4                SystemInit
 .text.Reset_Handler
                0x08003f30       0x50 startup/startup_stm32f407xx.o
                0x08003f30                Reset_Handler
 .text.Default_Handler
                0x08003f80        0x2 startup/startup_stm32f407xx.o
                0x08003f80                RTC_Alarm_IRQHandler
                0x08003f80                HASH_RNG_IRQHandler
                0x08003f80                EXTI2_IRQHandler
                0x08003f80                TIM8_CC_IRQHandler
                0x08003f80                DebugMon_Handler
                0x08003f80                TIM1_CC_IRQHandler
                0x08003f80                DMA2_Stream5_IRQHandler
                0x08003f80                HardFault_Handler
                0x08003f80                PVD_IRQHandler
                0x08003f80                SDIO_IRQHandler
                0x08003f80                TAMP_STAMP_IRQHandler
                0x08003f80                NMI_Handler
                0x08003f80                CAN2_RX1_IRQHandler
                0x08003f80                EXTI3_IRQHandler
                0x08003f80                TIM8_TRG_COM_TIM14_IRQHandler
                0x08003f80                TIM8_UP_TIM13_IRQHandler
                0x08003f80                I2C3_ER_IRQHandler
                0x08003f80                EXTI0_IRQHandler
                0x08003f80                I2C2_EV_IRQHandler
                0x08003f80                DMA1_Stream2_IRQHandler
                0x08003f80                CAN1_RX0_IRQHandler
                0x08003f80                FPU_IRQHandler
                0x08003f80                OTG_HS_WKUP_IRQHandler
                0x08003f80                UsageFault_Handler
                0x08003f80                CAN2_SCE_IRQHandler
                0x08003f80                DMA2_Stream2_IRQHandler
                0x08003f80                SPI1_IRQHandler
                0x08003f80                TIM6_DAC_IRQHandler
                0x08003f80                TIM1_BRK_TIM9_IRQHandler
                0x08003f80                DCMI_IRQHandler
                0x08003f80                CAN2_RX0_IRQHandler
                0x08003f80                DMA2_Stream3_IRQHandler
                0x08003f80                USART6_IRQHandler
                0x08003f80                USART3_IRQHandler
                0x08003f80                CAN1_RX1_IRQHandler
                0x08003f80                UART5_IRQHandler
                0x08003f80                DMA2_Stream0_IRQHandler
                0x08003f80                TIM4_IRQHandler
                0x08003f80                I2C1_EV_IRQHandler
                0x08003f80                DMA1_Stream6_IRQHandler
                0x08003f80                DMA1_Stream1_IRQHandler
                0x08003f80                UART4_IRQHandler
                0x08003f80                TIM3_IRQHandler
                0x08003f80                RCC_IRQHandler
                0x08003f80                TIM8_BRK_TIM12_IRQHandler
                0x08003f80                Default_Handler
                0x08003f80                EXTI15_10_IRQHandler
                0x08003f80                ADC_IRQHandler
                0x08003f80                DMA1_Stream7_IRQHandler
                0x08003f80                TIM7_IRQHandler
                0x08003f80                CAN2_TX_IRQHandler
                0x08003f80                TIM5_IRQHandler
                0x08003f80                DMA2_Stream7_IRQHandler
                0x08003f80                I2C3_EV_IRQHandler
                0x08003f80                EXTI9_5_IRQHandler
                0x08003f80                RTC_WKUP_IRQHandler
                0x08003f80                ETH_WKUP_IRQHandler
                0x08003f80                SPI2_IRQHandler
                0x08003f80                OTG_HS_EP1_IN_IRQHandler
                0x08003f80                MemManage_Handler
                0x08003f80                DMA1_Stream0_IRQHandler
                0x08003f80                CAN1_TX_IRQHandler
                0x08003f80                EXTI4_IRQHandler
                0x08003f80                FSMC_IRQHandler
                0x08003f80                ETH_IRQHandler
                0x08003f80                OTG_HS_EP1_OUT_IRQHandler
                0x08003f80                WWDG_IRQHandler
                0x08003f80                TIM2_IRQHandler
                0x08003f80                OTG_FS_WKUP_IRQHandler
                0x08003f80                TIM1_TRG_COM_TIM11_IRQHandler
                0x08003f80                OTG_HS_IRQHandler
                0x08003f80                EXTI1_IRQHandler
                0x08003f80                USART2_IRQHandler
                0x08003f80                I2C2_ER_IRQHandler
                0x08003f80                DMA2_Stream1_IRQHandler
                0x08003f80                CAN1_SCE_IRQHandler
                0x08003f80                FLASH_IRQHandler
                0x08003f80                DMA2_Stream4_IRQHandler
                0x08003f80                BusFault_Handler
                0x08003f80                USART1_IRQHandler
                0x08003f80                OTG_FS_IRQHandler
                0x08003f80                SPI3_IRQHandler
                0x08003f80                DMA1_Stream4_IRQHandler
                0x08003f80                I2C1_ER_IRQHandler
                0x08003f80                DMA2_Stream6_IRQHandler
                0x08003f80                DMA1_Stream3_IRQHandler
 *fill*         0x08003f82        0x2 
 .text.__libc_init_array
                0x08003f84       0x48 e:/ac6/systemworkbench/plugins/fr.ac6.mcu.externaltools.arm-none.win32_1.16.0.201807130628/tools/compiler/bin/../lib/gcc/arm-none-eabi/7.2.1/../../../../arm-none-eabi/lib/thumb/v7e-m/fpv4-sp/hard\libc_nano.a(lib_a-init.o)
                0x08003f84                __libc_init_array
 .text.memcpy   0x08003fcc       0x16 e:/ac6/systemworkbench/plugins/fr.ac6.mcu.externaltools.arm-none.win32_1.16.0.201807130628/tools/compiler/bin/../lib/gcc/arm-none-eabi/7.2.1/../../../../arm-none-eabi/lib/thumb/v7e-m/fpv4-sp/hard\libc_nano.a(lib_a-memcpy-stub.o)
                0x08003fcc                memcpy
 *(.glue_7)
 .glue_7        0x08003fe2        0x0 linker stubs
 *(.glue_7t)
 .glue_7t       0x08003fe2        0x0 linker stubs
 *(.eh_frame)
 *fill*         0x08003fe2        0x2 
 .eh_frame      0x08003fe4        0x0 e:/ac6/systemworkbench/plugins/fr.ac6.mcu.externaltools.arm-none.win32_1.16.0.201807130628/tools/compiler/bin/../lib/gcc/arm-none-eabi/7.2.1/thumb/v7e-m/fpv4-sp/hard/crtbegin.o
 *(.init)
 .init          0x08003fe4        0x4 e:/ac6/systemworkbench/plugins/fr.ac6.mcu.externaltools.arm-none.win32_1.16.0.201807130628/tools/compiler/bin/../lib/gcc/arm-none-eabi/7.2.1/thumb/v7e-m/fpv4-sp/hard/crti.o
                0x08003fe4                _init
 .init          0x08003fe8        0x8 e:/ac6/systemworkbench/plugins/fr.ac6.mcu.externaltools.arm-none.win32_1.16.0.201807130628/tools/compiler/bin/../lib/gcc/arm-none-eabi/7.2.1/thumb/v7e-m/fpv4-sp/hard/crtn.o
 *(.fini)
 .fini          0x08003ff0        0x4 e:/ac6/systemworkbench/plugins/fr.ac6.mcu.externaltools.arm-none.win32_1.16.0.201807130628/tools/compiler/bin/../lib/gcc/arm-none-eabi/7.2.1/thumb/v7e-m/fpv4-sp/hard/crti.o
                0x08003ff0                _fini
 .fini          0x08003ff4        0x8 e:/ac6/systemworkbench/plugins/fr.ac6.mcu.externaltools.arm-none.win32_1.16.0.201807130628/tools/compiler/bin/../lib/gcc/arm-none-eabi/7.2.1/thumb/v7e-m/fpv4-sp/hard/crtn.o
                0x08003ffc                . = ALIGN (0x4)
                0x08003ffc                _etext = .

.vfp11_veneer   0x08003ffc        0x0
 .vfp11_veneer  0x08003ffc        0x0 linker stubs

.v4_bx          0x08003ffc        0x0
 .v4_bx         0x08003ffc        0x0 linker stubs

.iplt           0x08003ffc        0x0
 .iplt          0x08003ffc        0x0 e:/ac6/systemworkbench/plugins/fr.ac6.mcu.externaltools.arm-none.win32_1.16.0.201807130628/tools/compiler/bin/../lib/gcc/arm-none-eabi/7.2.1/thumb/v7e-m/fpv4-sp/hard/crtbegin.o

.rodata         0x08003ffc       0x84
                0x08003ffc                . = ALIGN (0x4)
 *(.rodata)
 .rodata        0x08003ffc        0x8 Drivers/STM32F4xx_HAL_Driver/Src/stm32f4xx_hal_dma.o
 .rodata        0x08004004       0x18 Src/main.o
                0x08004018                UART_REFRESH_TIME
 .rodata        0x0800401c       0x18 Src/system_stm32f4xx.o
                0x0800401c                AHBPrescTable
                0x0800402c                APBPrescTable
 *(.rodata*)
 .rodata.str1.4
                0x08004034        0x0 Middlewares/Third_Party/FreeRTOS/Source/CMSIS_RTOS/cmsis_os.o
                                  0x1 (size before relaxing)
 .rodata.str1.4
                0x08004034        0x5 Middlewares/Third_Party/FreeRTOS/Source/tasks.o
 *fill*         0x08004039        0x3 
 .rodata.str1.4
                0x0800403c       0x10 Middlewares/Third_Party/FreeRTOS/Source/timers.o
 .rodata.str1.4
                0x0800404c       0x18 Src/main.o
 .rodata.str1.4
                0x08004064       0x1c Src/stm32f4xx_hal_msp.o
                                 0x1b (size before relaxing)
                0x08004080                . = ALIGN (0x4)

.ARM.extab
 *(.ARM.extab* .gnu.linkonce.armextab.*)

.ARM            0x08004080        0x8
                0x08004080                __exidx_start = .
 *(.ARM.exidx*)
 .ARM.exidx     0x08004080        0x8 e:/ac6/systemworkbench/plugins/fr.ac6.mcu.externaltools.arm-none.win32_1.16.0.201807130628/tools/compiler/bin/../lib/gcc/arm-none-eabi/7.2.1/thumb/v7e-m/fpv4-sp/hard\libgcc.a(_udivmoddi4.o)
                0x08004088                __exidx_end = .

.rel.dyn        0x08004088        0x0
 .rel.iplt      0x08004088        0x0 e:/ac6/systemworkbench/plugins/fr.ac6.mcu.externaltools.arm-none.win32_1.16.0.201807130628/tools/compiler/bin/../lib/gcc/arm-none-eabi/7.2.1/thumb/v7e-m/fpv4-sp/hard/crtbegin.o

.preinit_array  0x08004088        0x0
                0x08004088                PROVIDE (__preinit_array_start, .)
 *(.preinit_array*)
                0x08004088                PROVIDE (__preinit_array_end, .)

.init_array     0x08004088        0x4
                0x08004088                PROVIDE (__init_array_start, .)
 *(SORT_BY_NAME(.init_array.*))
 *(.init_array*)
 .init_array    0x08004088        0x4 e:/ac6/systemworkbench/plugins/fr.ac6.mcu.externaltools.arm-none.win32_1.16.0.201807130628/tools/compiler/bin/../lib/gcc/arm-none-eabi/7.2.1/thumb/v7e-m/fpv4-sp/hard/crtbegin.o
                0x0800408c                PROVIDE (__init_array_end, .)

.fini_array     0x0800408c        0x4
                [!provide]                PROVIDE (__fini_array_start, .)
 *(SORT_BY_NAME(.fini_array.*))
 *(.fini_array*)
 .fini_array    0x0800408c        0x4 e:/ac6/systemworkbench/plugins/fr.ac6.mcu.externaltools.arm-none.win32_1.16.0.201807130628/tools/compiler/bin/../lib/gcc/arm-none-eabi/7.2.1/thumb/v7e-m/fpv4-sp/hard/crtbegin.o
                [!provide]                PROVIDE (__fini_array_end, .)
                0x08004090                _sidata = LOADADDR (.data)

.data           0x20000000       0x14 load address 0x08004090
                0x20000000                . = ALIGN (0x4)
                0x20000000                _sdata = .
 *(.data)
 .data          0x20000000        0x8 Drivers/STM32F4xx_HAL_Driver/Src/stm32f4xx_hal.o
                0x20000000                uwTickFreq
                0x20000004                uwTickPrio
 .data          0x20000008        0x4 Middlewares/Third_Party/FreeRTOS/Source/portable/GCC/ARM_CM4F/port.o
 .data          0x2000000c        0x4 Src/main.o
                0x2000000c                sensornum
 .data          0x20000010        0x4 Src/system_stm32f4xx.o
                0x20000010                SystemCoreClock
 *(.data*)
                0x20000014                . = ALIGN (0x4)
                0x20000014                _edata = .
                0x080040a4                _siccmram = LOADADDR (.ccmram)

.igot.plt       0x20000014        0x0 load address 0x080040a4
 .igot.plt      0x20000014        0x0 e:/ac6/systemworkbench/plugins/fr.ac6.mcu.externaltools.arm-none.win32_1.16.0.201807130628/tools/compiler/bin/../lib/gcc/arm-none-eabi/7.2.1/thumb/v7e-m/fpv4-sp/hard/crtbegin.o

.ccmram         0x10000000        0x0 load address 0x080040a4
                0x10000000                . = ALIGN (0x4)
                0x10000000                _sccmram = .
 *(.ccmram)
 *(.ccmram*)
                0x10000000                . = ALIGN (0x4)
                0x10000000                _eccmram = .
                0x10000000                . = ALIGN (0x4)

.bss            0x20000014     0x3eec
                0x20000014                _sbss = .
                0x20000014                __bss_start__ = _sbss
 *(.bss)
 .bss           0x20000014       0x1c e:/ac6/systemworkbench/plugins/fr.ac6.mcu.externaltools.arm-none.win32_1.16.0.201807130628/tools/compiler/bin/../lib/gcc/arm-none-eabi/7.2.1/thumb/v7e-m/fpv4-sp/hard/crtbegin.o
 .bss           0x20000030      0x12c Middlewares/Third_Party/FreeRTOS/Source/tasks.o
                0x20000130                pxCurrentTCB
 .bss           0x2000015c       0x3c Middlewares/Third_Party/FreeRTOS/Source/timers.o
 .bss           0x20000198        0x8 Middlewares/Third_Party/FreeRTOS/Source/portable/GCC/ARM_CM4F/port.o
 .bss           0x200001a0     0x3c18 Middlewares/Third_Party/FreeRTOS/Source/portable/MemMang/heap_4.o
 .bss           0x20003db8        0x1 Src/main.o
                0x20003db8                tog
 *(.bss*)
 *(COMMON)
 *fill*         0x20003db9        0x3 
 COMMON         0x20003dbc        0x4 Drivers/STM32F4xx_HAL_Driver/Src/stm32f4xx_hal.o
                0x20003dbc                uwTick
 COMMON         0x20003dc0       0x40 Middlewares/Third_Party/FreeRTOS/Source/queue.o
                0x20003dc0                xQueueRegistry
 COMMON         0x20003e00       0xc4 Src/main.o
                0x20003e00                inboundRecive
                0x20003e04                hdma_usart2_rx
                0x20003e64                sensorStatus
                0x20003e6c                revicerHandle
                0x20003e70                refresherHandle
                0x20003e74                buzzerCtrlHandle
                0x20003e78                sensorAlarm
                0x20003e80                uartSenderHandle
                0x20003e84                huart2
 COMMON         0x20003ec4       0x3c Src/stm32f4xx_hal_timebase_TIM.o
                0x20003ec4                htim1
                0x20003f00                . = ALIGN (0x4)
                0x20003f00                _ebss = .
                0x20003f00                __bss_end__ = _ebss

._user_heap_stack
                0x20003f00      0x600
                0x20003f00                . = ALIGN (0x8)
                [!provide]                PROVIDE (end, .)
                [!provide]                PROVIDE (_end, .)
                0x20004100                . = (. + _Min_Heap_Size)
 *fill*         0x20003f00      0x200 
                0x20004500                . = (. + _Min_Stack_Size)
 *fill*         0x20004100      0x400 
                0x20004500                . = ALIGN (0x8)

/DISCARD/
 libc.a(*)
 libm.a(*)
 libgcc.a(*)

.ARM.attributes
                0x00000000       0x30
 *(.ARM.attributes)
 .ARM.attributes
                0x00000000       0x22 e:/ac6/systemworkbench/plugins/fr.ac6.mcu.externaltools.arm-none.win32_1.16.0.201807130628/tools/compiler/bin/../lib/gcc/arm-none-eabi/7.2.1/thumb/v7e-m/fpv4-sp/hard/crti.o
 .ARM.attributes
                0x00000022       0x34 e:/ac6/systemworkbench/plugins/fr.ac6.mcu.externaltools.arm-none.win32_1.16.0.201807130628/tools/compiler/bin/../lib/gcc/arm-none-eabi/7.2.1/thumb/v7e-m/fpv4-sp/hard/crtbegin.o
 .ARM.attributes
                0x00000056       0x39 Drivers/STM32F4xx_HAL_Driver/Src/stm32f4xx_hal.o
 .ARM.attributes
                0x0000008f       0x39 Drivers/STM32F4xx_HAL_Driver/Src/stm32f4xx_hal_cortex.o
 .ARM.attributes
                0x000000c8       0x39 Drivers/STM32F4xx_HAL_Driver/Src/stm32f4xx_hal_dma.o
 .ARM.attributes
                0x00000101       0x39 Drivers/STM32F4xx_HAL_Driver/Src/stm32f4xx_hal_gpio.o
 .ARM.attributes
                0x0000013a       0x39 Drivers/STM32F4xx_HAL_Driver/Src/stm32f4xx_hal_rcc.o
 .ARM.attributes
                0x00000173       0x39 Drivers/STM32F4xx_HAL_Driver/Src/stm32f4xx_hal_tim.o
 .ARM.attributes
                0x000001ac       0x39 Drivers/STM32F4xx_HAL_Driver/Src/stm32f4xx_hal_tim_ex.o
 .ARM.attributes
                0x000001e5       0x39 Drivers/STM32F4xx_HAL_Driver/Src/stm32f4xx_hal_uart.o
 .ARM.attributes
                0x0000021e       0x39 Middlewares/Third_Party/FreeRTOS/Source/CMSIS_RTOS/cmsis_os.o
 .ARM.attributes
                0x00000257       0x39 Middlewares/Third_Party/FreeRTOS/Source/list.o
 .ARM.attributes
                0x00000290       0x39 Middlewares/Third_Party/FreeRTOS/Source/queue.o
 .ARM.attributes
                0x000002c9       0x39 Middlewares/Third_Party/FreeRTOS/Source/tasks.o
 .ARM.attributes
                0x00000302       0x39 Middlewares/Third_Party/FreeRTOS/Source/timers.o
 .ARM.attributes
                0x0000033b       0x39 Middlewares/Third_Party/FreeRTOS/Source/portable/GCC/ARM_CM4F/port.o
 .ARM.attributes
                0x00000374       0x39 Middlewares/Third_Party/FreeRTOS/Source/portable/MemMang/heap_4.o
 .ARM.attributes
                0x000003ad       0x39 Src/main.o
 .ARM.attributes
                0x000003e6       0x39 Src/stm32f4xx_hal_msp.o
 .ARM.attributes
                0x0000041f       0x39 Src/stm32f4xx_hal_timebase_TIM.o
 .ARM.attributes
                0x00000458       0x39 Src/stm32f4xx_it.o
 .ARM.attributes
                0x00000491       0x39 Src/system_stm32f4xx.o
 .ARM.attributes
                0x000004ca       0x21 startup/startup_stm32f407xx.o
 .ARM.attributes
                0x000004eb       0x22 e:/ac6/systemworkbench/plugins/fr.ac6.mcu.externaltools.arm-none.win32_1.16.0.201807130628/tools/compiler/bin/../lib/gcc/arm-none-eabi/7.2.1/thumb/v7e-m/fpv4-sp/hard\libgcc.a(_aeabi_uldivmod.o)
 .ARM.attributes
                0x0000050d       0x34 e:/ac6/systemworkbench/plugins/fr.ac6.mcu.externaltools.arm-none.win32_1.16.0.201807130628/tools/compiler/bin/../lib/gcc/arm-none-eabi/7.2.1/thumb/v7e-m/fpv4-sp/hard\libgcc.a(_udivmoddi4.o)
 .ARM.attributes
                0x00000541       0x22 e:/ac6/systemworkbench/plugins/fr.ac6.mcu.externaltools.arm-none.win32_1.16.0.201807130628/tools/compiler/bin/../lib/gcc/arm-none-eabi/7.2.1/thumb/v7e-m/fpv4-sp/hard\libgcc.a(_dvmd_tls.o)
 .ARM.attributes
                0x00000563       0x34 e:/ac6/systemworkbench/plugins/fr.ac6.mcu.externaltools.arm-none.win32_1.16.0.201807130628/tools/compiler/bin/../lib/gcc/arm-none-eabi/7.2.1/../../../../arm-none-eabi/lib/thumb/v7e-m/fpv4-sp/hard\libc_nano.a(lib_a-init.o)
 .ARM.attributes
                0x00000597       0x34 e:/ac6/systemworkbench/plugins/fr.ac6.mcu.externaltools.arm-none.win32_1.16.0.201807130628/tools/compiler/bin/../lib/gcc/arm-none-eabi/7.2.1/../../../../arm-none-eabi/lib/thumb/v7e-m/fpv4-sp/hard\libc_nano.a(lib_a-memcpy-stub.o)
 .ARM.attributes
                0x000005cb       0x22 e:/ac6/systemworkbench/plugins/fr.ac6.mcu.externaltools.arm-none.win32_1.16.0.201807130628/tools/compiler/bin/../lib/gcc/arm-none-eabi/7.2.1/thumb/v7e-m/fpv4-sp/hard/crtn.o
OUTPUT(F4.elf elf32-littlearm)

.debug_info     0x00000000    0x1d8cf
 .debug_info    0x00000000     0x11d9 Drivers/STM32F4xx_HAL_Driver/Src/stm32f4xx_hal.o
 .debug_info    0x000011d9     0x1755 Drivers/STM32F4xx_HAL_Driver/Src/stm32f4xx_hal_cortex.o
 .debug_info    0x0000292e     0x127b Drivers/STM32F4xx_HAL_Driver/Src/stm32f4xx_hal_dma.o
 .debug_info    0x00003ba9      0xf93 Drivers/STM32F4xx_HAL_Driver/Src/stm32f4xx_hal_gpio.o
 .debug_info    0x00004b3c     0x125b Drivers/STM32F4xx_HAL_Driver/Src/stm32f4xx_hal_rcc.o
 .debug_info    0x00005d97     0x368f Drivers/STM32F4xx_HAL_Driver/Src/stm32f4xx_hal_tim.o
 .debug_info    0x00009426     0x1b25 Drivers/STM32F4xx_HAL_Driver/Src/stm32f4xx_hal_tim_ex.o
 .debug_info    0x0000af4b     0x1f1a Drivers/STM32F4xx_HAL_Driver/Src/stm32f4xx_hal_uart.o
 .debug_info    0x0000ce65     0x2466 Middlewares/Third_Party/FreeRTOS/Source/CMSIS_RTOS/cmsis_os.o
 .debug_info    0x0000f2cb      0xacd Middlewares/Third_Party/FreeRTOS/Source/list.o
 .debug_info    0x0000fd98     0x2027 Middlewares/Third_Party/FreeRTOS/Source/queue.o
 .debug_info    0x00011dbf     0x29b4 Middlewares/Third_Party/FreeRTOS/Source/tasks.o
 .debug_info    0x00014773     0x1872 Middlewares/Third_Party/FreeRTOS/Source/timers.o
 .debug_info    0x00015fe5      0x532 Middlewares/Third_Party/FreeRTOS/Source/portable/GCC/ARM_CM4F/port.o
 .debug_info    0x00016517      0xc71 Middlewares/Third_Party/FreeRTOS/Source/portable/MemMang/heap_4.o
 .debug_info    0x00017188     0x22a7 Src/main.o
 .debug_info    0x0001942f     0x14f4 Src/stm32f4xx_hal_msp.o
 .debug_info    0x0001a923     0x13d2 Src/stm32f4xx_hal_timebase_TIM.o
 .debug_info    0x0001bcf5      0xe8f Src/stm32f4xx_it.o
 .debug_info    0x0001cb84      0xd29 Src/system_stm32f4xx.o
 .debug_info    0x0001d8ad       0x22 startup/startup_stm32f407xx.o

.debug_abbrev   0x00000000     0x3a66
 .debug_abbrev  0x00000000      0x2e5 Drivers/STM32F4xx_HAL_Driver/Src/stm32f4xx_hal.o
 .debug_abbrev  0x000002e5      0x3d6 Drivers/STM32F4xx_HAL_Driver/Src/stm32f4xx_hal_cortex.o
 .debug_abbrev  0x000006bb      0x32a Drivers/STM32F4xx_HAL_Driver/Src/stm32f4xx_hal_dma.o
 .debug_abbrev  0x000009e5      0x2a7 Drivers/STM32F4xx_HAL_Driver/Src/stm32f4xx_hal_gpio.o
 .debug_abbrev  0x00000c8c      0x333 Drivers/STM32F4xx_HAL_Driver/Src/stm32f4xx_hal_rcc.o
 .debug_abbrev  0x00000fbf      0x2e0 Drivers/STM32F4xx_HAL_Driver/Src/stm32f4xx_hal_tim.o
 .debug_abbrev  0x0000129f      0x2e0 Drivers/STM32F4xx_HAL_Driver/Src/stm32f4xx_hal_tim_ex.o
 .debug_abbrev  0x0000157f      0x344 Drivers/STM32F4xx_HAL_Driver/Src/stm32f4xx_hal_uart.o
 .debug_abbrev  0x000018c3      0x3d4 Middlewares/Third_Party/FreeRTOS/Source/CMSIS_RTOS/cmsis_os.o
 .debug_abbrev  0x00001c97      0x21c Middlewares/Third_Party/FreeRTOS/Source/list.o
 .debug_abbrev  0x00001eb3      0x385 Middlewares/Third_Party/FreeRTOS/Source/queue.o
 .debug_abbrev  0x00002238      0x3cf Middlewares/Third_Party/FreeRTOS/Source/tasks.o
 .debug_abbrev  0x00002607      0x2ef Middlewares/Third_Party/FreeRTOS/Source/timers.o
 .debug_abbrev  0x000028f6      0x216 Middlewares/Third_Party/FreeRTOS/Source/portable/GCC/ARM_CM4F/port.o
 .debug_abbrev  0x00002b0c      0x318 Middlewares/Third_Party/FreeRTOS/Source/portable/MemMang/heap_4.o
 .debug_abbrev  0x00002e24      0x32a Src/main.o
 .debug_abbrev  0x0000314e      0x25f Src/stm32f4xx_hal_msp.o
 .debug_abbrev  0x000033ad      0x299 Src/stm32f4xx_hal_timebase_TIM.o
 .debug_abbrev  0x00003646      0x209 Src/stm32f4xx_it.o
 .debug_abbrev  0x0000384f      0x205 Src/system_stm32f4xx.o
 .debug_abbrev  0x00003a54       0x12 startup/startup_stm32f407xx.o

.debug_loc      0x00000000     0xb688
 .debug_loc     0x00000000       0xfd Drivers/STM32F4xx_HAL_Driver/Src/stm32f4xx_hal.o
 .debug_loc     0x000000fd      0x5ce Drivers/STM32F4xx_HAL_Driver/Src/stm32f4xx_hal_cortex.o
 .debug_loc     0x000006cb      0xb4e Drivers/STM32F4xx_HAL_Driver/Src/stm32f4xx_hal_dma.o
 .debug_loc     0x00001219      0x469 Drivers/STM32F4xx_HAL_Driver/Src/stm32f4xx_hal_gpio.o
 .debug_loc     0x00001682      0x3f1 Drivers/STM32F4xx_HAL_Driver/Src/stm32f4xx_hal_rcc.o
 .debug_loc     0x00001a73     0x3612 Drivers/STM32F4xx_HAL_Driver/Src/stm32f4xx_hal_tim.o
 .debug_loc     0x00005085      0xefe Drivers/STM32F4xx_HAL_Driver/Src/stm32f4xx_hal_tim_ex.o
 .debug_loc     0x00005f83     0x158b Drivers/STM32F4xx_HAL_Driver/Src/stm32f4xx_hal_uart.o
 .debug_loc     0x0000750e      0xfbd Middlewares/Third_Party/FreeRTOS/Source/CMSIS_RTOS/cmsis_os.o
 .debug_loc     0x000084cb       0x70 Middlewares/Third_Party/FreeRTOS/Source/list.o
 .debug_loc     0x0000853b      0xe3b Middlewares/Third_Party/FreeRTOS/Source/queue.o
 .debug_loc     0x00009376     0x1265 Middlewares/Third_Party/FreeRTOS/Source/tasks.o
 .debug_loc     0x0000a5db      0x99e Middlewares/Third_Party/FreeRTOS/Source/timers.o
 .debug_loc     0x0000af79       0xdc Middlewares/Third_Party/FreeRTOS/Source/portable/GCC/ARM_CM4F/port.o
 .debug_loc     0x0000b055      0x291 Middlewares/Third_Party/FreeRTOS/Source/portable/MemMang/heap_4.o
 .debug_loc     0x0000b2e6      0x1b0 Src/main.o
 .debug_loc     0x0000b496       0x4a Src/stm32f4xx_hal_msp.o
 .debug_loc     0x0000b4e0       0x6a Src/stm32f4xx_hal_timebase_TIM.o
 .debug_loc     0x0000b54a      0x13e Src/system_stm32f4xx.o

.debug_aranges  0x00000000     0x10e8
 .debug_aranges
                0x00000000       0xe0 Drivers/STM32F4xx_HAL_Driver/Src/stm32f4xx_hal.o
 .debug_aranges
                0x000000e0       0xa8 Drivers/STM32F4xx_HAL_Driver/Src/stm32f4xx_hal_cortex.o
 .debug_aranges
                0x00000188       0x90 Drivers/STM32F4xx_HAL_Driver/Src/stm32f4xx_hal_dma.o
 .debug_aranges
                0x00000218       0x58 Drivers/STM32F4xx_HAL_Driver/Src/stm32f4xx_hal_gpio.o
 .debug_aranges
                0x00000270       0x88 Drivers/STM32F4xx_HAL_Driver/Src/stm32f4xx_hal_rcc.o
 .debug_aranges
                0x000002f8      0x368 Drivers/STM32F4xx_HAL_Driver/Src/stm32f4xx_hal_tim.o
 .debug_aranges
                0x00000660      0x140 Drivers/STM32F4xx_HAL_Driver/Src/stm32f4xx_hal_tim_ex.o
 .debug_aranges
                0x000007a0      0x1d0 Drivers/STM32F4xx_HAL_Driver/Src/stm32f4xx_hal_uart.o
 .debug_aranges
                0x00000970      0x1d8 Middlewares/Third_Party/FreeRTOS/Source/CMSIS_RTOS/cmsis_os.o
 .debug_aranges
                0x00000b48       0x40 Middlewares/Third_Party/FreeRTOS/Source/list.o
 .debug_aranges
                0x00000b88       0xe8 Middlewares/Third_Party/FreeRTOS/Source/queue.o
 .debug_aranges
                0x00000c70      0x198 Middlewares/Third_Party/FreeRTOS/Source/tasks.o
 .debug_aranges
                0x00000e08       0xb8 Middlewares/Third_Party/FreeRTOS/Source/timers.o
 .debug_aranges
                0x00000ec0       0x80 Middlewares/Third_Party/FreeRTOS/Source/portable/GCC/ARM_CM4F/port.o
 .debug_aranges
                0x00000f40       0x50 Middlewares/Third_Party/FreeRTOS/Source/portable/MemMang/heap_4.o
 .debug_aranges
                0x00000f90       0x78 Src/main.o
 .debug_aranges
                0x00001008       0x30 Src/stm32f4xx_hal_msp.o
 .debug_aranges
                0x00001038       0x30 Src/stm32f4xx_hal_timebase_TIM.o
 .debug_aranges
                0x00001068       0x30 Src/stm32f4xx_it.o
 .debug_aranges
                0x00001098       0x28 Src/system_stm32f4xx.o
 .debug_aranges
                0x000010c0       0x28 startup/startup_stm32f407xx.o

.debug_ranges   0x00000000     0x1128
 .debug_ranges  0x00000000       0xd0 Drivers/STM32F4xx_HAL_Driver/Src/stm32f4xx_hal.o
 .debug_ranges  0x000000d0       0xf8 Drivers/STM32F4xx_HAL_Driver/Src/stm32f4xx_hal_cortex.o
 .debug_ranges  0x000001c8       0x80 Drivers/STM32F4xx_HAL_Driver/Src/stm32f4xx_hal_dma.o
 .debug_ranges  0x00000248       0x48 Drivers/STM32F4xx_HAL_Driver/Src/stm32f4xx_hal_gpio.o
 .debug_ranges  0x00000290       0x90 Drivers/STM32F4xx_HAL_Driver/Src/stm32f4xx_hal_rcc.o
 .debug_ranges  0x00000320      0x358 Drivers/STM32F4xx_HAL_Driver/Src/stm32f4xx_hal_tim.o
 .debug_ranges  0x00000678      0x130 Drivers/STM32F4xx_HAL_Driver/Src/stm32f4xx_hal_tim_ex.o
 .debug_ranges  0x000007a8      0x1c0 Drivers/STM32F4xx_HAL_Driver/Src/stm32f4xx_hal_uart.o
 .debug_ranges  0x00000968      0x1c8 Middlewares/Third_Party/FreeRTOS/Source/CMSIS_RTOS/cmsis_os.o
 .debug_ranges  0x00000b30       0x30 Middlewares/Third_Party/FreeRTOS/Source/list.o
 .debug_ranges  0x00000b60      0x178 Middlewares/Third_Party/FreeRTOS/Source/queue.o
 .debug_ranges  0x00000cd8      0x1f8 Middlewares/Third_Party/FreeRTOS/Source/tasks.o
 .debug_ranges  0x00000ed0       0xa8 Middlewares/Third_Party/FreeRTOS/Source/timers.o
 .debug_ranges  0x00000f78       0x70 Middlewares/Third_Party/FreeRTOS/Source/portable/GCC/ARM_CM4F/port.o
 .debug_ranges  0x00000fe8       0x40 Middlewares/Third_Party/FreeRTOS/Source/portable/MemMang/heap_4.o
 .debug_ranges  0x00001028       0x68 Src/main.o
 .debug_ranges  0x00001090       0x20 Src/stm32f4xx_hal_msp.o
 .debug_ranges  0x000010b0       0x20 Src/stm32f4xx_hal_timebase_TIM.o
 .debug_ranges  0x000010d0       0x20 Src/stm32f4xx_it.o
 .debug_ranges  0x000010f0       0x18 Src/system_stm32f4xx.o
 .debug_ranges  0x00001108       0x20 startup/startup_stm32f407xx.o

.debug_macro    0x00000000    0x2357e
 .debug_macro   0x00000000      0x386 Drivers/STM32F4xx_HAL_Driver/Src/stm32f4xx_hal.o
 .debug_macro   0x00000386      0xa60 Drivers/STM32F4xx_HAL_Driver/Src/stm32f4xx_hal.o
 .debug_macro   0x00000de6      0x245 Drivers/STM32F4xx_HAL_Driver/Src/stm32f4xx_hal.o
 .debug_macro   0x0000102b      0x180 Drivers/STM32F4xx_HAL_Driver/Src/stm32f4xx_hal.o
 .debug_macro   0x000011ab       0x32 Drivers/STM32F4xx_HAL_Driver/Src/stm32f4xx_hal.o
 .debug_macro   0x000011dd       0x2f Drivers/STM32F4xx_HAL_Driver/Src/stm32f4xx_hal.o
 .debug_macro   0x0000120c       0x22 Drivers/STM32F4xx_HAL_Driver/Src/stm32f4xx_hal.o
 .debug_macro   0x0000122e       0x87 Drivers/STM32F4xx_HAL_Driver/Src/stm32f4xx_hal.o
 .debug_macro   0x000012b5       0x51 Drivers/STM32F4xx_HAL_Driver/Src/stm32f4xx_hal.o
 .debug_macro   0x00001306       0xef Drivers/STM32F4xx_HAL_Driver/Src/stm32f4xx_hal.o
 .debug_macro   0x000013f5       0x6a Drivers/STM32F4xx_HAL_Driver/Src/stm32f4xx_hal.o
 .debug_macro   0x0000145f      0x1df Drivers/STM32F4xx_HAL_Driver/Src/stm32f4xx_hal.o
 .debug_macro   0x0000163e       0x35 Drivers/STM32F4xx_HAL_Driver/Src/stm32f4xx_hal.o
 .debug_macro   0x00001673       0x50 Drivers/STM32F4xx_HAL_Driver/Src/stm32f4xx_hal.o
 .debug_macro   0x000016c3      0xe66 Drivers/STM32F4xx_HAL_Driver/Src/stm32f4xx_hal.o
 .debug_macro   0x00002529    0x15d08 Drivers/STM32F4xx_HAL_Driver/Src/stm32f4xx_hal.o
 .debug_macro   0x00018231       0x43 Drivers/STM32F4xx_HAL_Driver/Src/stm32f4xx_hal.o
 .debug_macro   0x00018274     0x3535 Drivers/STM32F4xx_HAL_Driver/Src/stm32f4xx_hal.o
 .debug_macro   0x0001b7a9       0x58 Drivers/STM32F4xx_HAL_Driver/Src/stm32f4xx_hal.o
 .debug_macro   0x0001b801       0x17 Drivers/STM32F4xx_HAL_Driver/Src/stm32f4xx_hal.o
 .debug_macro   0x0001b818       0x35 Drivers/STM32F4xx_HAL_Driver/Src/stm32f4xx_hal.o
 .debug_macro   0x0001b84d       0x9c Drivers/STM32F4xx_HAL_Driver/Src/stm32f4xx_hal.o
 .debug_macro   0x0001b8e9       0x16 Drivers/STM32F4xx_HAL_Driver/Src/stm32f4xx_hal.o
 .debug_macro   0x0001b8ff       0x97 Drivers/STM32F4xx_HAL_Driver/Src/stm32f4xx_hal.o
 .debug_macro   0x0001b996      0x330 Drivers/STM32F4xx_HAL_Driver/Src/stm32f4xx_hal.o
 .debug_macro   0x0001bcc6       0xfd Drivers/STM32F4xx_HAL_Driver/Src/stm32f4xx_hal.o
 .debug_macro   0x0001bdc3       0x10 Drivers/STM32F4xx_HAL_Driver/Src/stm32f4xx_hal.o
 .debug_macro   0x0001bdd3       0x58 Drivers/STM32F4xx_HAL_Driver/Src/stm32f4xx_hal.o
 .debug_macro   0x0001be2b       0x1f Drivers/STM32F4xx_HAL_Driver/Src/stm32f4xx_hal.o
 .debug_macro   0x0001be4a       0x43 Drivers/STM32F4xx_HAL_Driver/Src/stm32f4xx_hal.o
 .debug_macro   0x0001be8d       0x20 Drivers/STM32F4xx_HAL_Driver/Src/stm32f4xx_hal.o
 .debug_macro   0x0001bead      0x18e Drivers/STM32F4xx_HAL_Driver/Src/stm32f4xx_hal.o
 .debug_macro   0x0001c03b       0x10 Drivers/STM32F4xx_HAL_Driver/Src/stm32f4xx_hal.o
 .debug_macro   0x0001c04b       0x1c Drivers/STM32F4xx_HAL_Driver/Src/stm32f4xx_hal.o
 .debug_macro   0x0001c067       0x52 Drivers/STM32F4xx_HAL_Driver/Src/stm32f4xx_hal.o
 .debug_macro   0x0001c0b9       0x40 Drivers/STM32F4xx_HAL_Driver/Src/stm32f4xx_hal.o
 .debug_macro   0x0001c0f9       0x10 Drivers/STM32F4xx_HAL_Driver/Src/stm32f4xx_hal.o
 .debug_macro   0x0001c109       0x40 Drivers/STM32F4xx_HAL_Driver/Src/stm32f4xx_hal.o
 .debug_macro   0x0001c149       0xd7 Drivers/STM32F4xx_HAL_Driver/Src/stm32f4xx_hal.o
 .debug_macro   0x0001c220       0x1c Drivers/STM32F4xx_HAL_Driver/Src/stm32f4xx_hal.o
 .debug_macro   0x0001c23c       0x3d Drivers/STM32F4xx_HAL_Driver/Src/stm32f4xx_hal.o
 .debug_macro   0x0001c279       0x16 Drivers/STM32F4xx_HAL_Driver/Src/stm32f4xx_hal.o
 .debug_macro   0x0001c28f      0x16f Drivers/STM32F4xx_HAL_Driver/Src/stm32f4xx_hal.o
 .debug_macro   0x0001c3fe       0x50 Drivers/STM32F4xx_HAL_Driver/Src/stm32f4xx_hal.o
 .debug_macro   0x0001c44e      0x96b Drivers/STM32F4xx_HAL_Driver/Src/stm32f4xx_hal.o
 .debug_macro   0x0001cdb9      0xa02 Drivers/STM32F4xx_HAL_Driver/Src/stm32f4xx_hal.o
 .debug_macro   0x0001d7bb      0x11e Drivers/STM32F4xx_HAL_Driver/Src/stm32f4xx_hal.o
 .debug_macro   0x0001d8d9      0x13e Drivers/STM32F4xx_HAL_Driver/Src/stm32f4xx_hal.o
 .debug_macro   0x0001da17       0x27 Drivers/STM32F4xx_HAL_Driver/Src/stm32f4xx_hal.o
 .debug_macro   0x0001da3e      0x287 Drivers/STM32F4xx_HAL_Driver/Src/stm32f4xx_hal.o
 .debug_macro   0x0001dcc5       0x5f Drivers/STM32F4xx_HAL_Driver/Src/stm32f4xx_hal.o
 .debug_macro   0x0001dd24      0x23a Drivers/STM32F4xx_HAL_Driver/Src/stm32f4xx_hal.o
 .debug_macro   0x0001df5e      0x133 Drivers/STM32F4xx_HAL_Driver/Src/stm32f4xx_hal.o
 .debug_macro   0x0001e091      0x21e Drivers/STM32F4xx_HAL_Driver/Src/stm32f4xx_hal.o
 .debug_macro   0x0001e2af       0x2e Drivers/STM32F4xx_HAL_Driver/Src/stm32f4xx_hal.o
 .debug_macro   0x0001e2dd      0x11e Drivers/STM32F4xx_HAL_Driver/Src/stm32f4xx_hal.o
 .debug_macro   0x0001e3fb       0x7f Drivers/STM32F4xx_HAL_Driver/Src/stm32f4xx_hal.o
 .debug_macro   0x0001e47a       0x89 Drivers/STM32F4xx_HAL_Driver/Src/stm32f4xx_hal.o
 .debug_macro   0x0001e503      0x6e0 Drivers/STM32F4xx_HAL_Driver/Src/stm32f4xx_hal.o
 .debug_macro   0x0001ebe3       0x59 Drivers/STM32F4xx_HAL_Driver/Src/stm32f4xx_hal.o
 .debug_macro   0x0001ec3c      0x14d Drivers/STM32F4xx_HAL_Driver/Src/stm32f4xx_hal.o
 .debug_macro   0x0001ed89      0x287 Drivers/STM32F4xx_HAL_Driver/Src/stm32f4xx_hal.o
 .debug_macro   0x0001f010      0x134 Drivers/STM32F4xx_HAL_Driver/Src/stm32f4xx_hal.o
 .debug_macro   0x0001f144      0x326 Drivers/STM32F4xx_HAL_Driver/Src/stm32f4xx_hal_cortex.o
 .debug_macro   0x0001f46a      0x32d Drivers/STM32F4xx_HAL_Driver/Src/stm32f4xx_hal_dma.o
 .debug_macro   0x0001f797      0x35e Drivers/STM32F4xx_HAL_Driver/Src/stm32f4xx_hal_gpio.o
 .debug_macro   0x0001faf5      0x34a Drivers/STM32F4xx_HAL_Driver/Src/stm32f4xx_hal_rcc.o
 .debug_macro   0x0001fe3f      0x326 Drivers/STM32F4xx_HAL_Driver/Src/stm32f4xx_hal_tim.o
 .debug_macro   0x00020165      0x326 Drivers/STM32F4xx_HAL_Driver/Src/stm32f4xx_hal_tim_ex.o
 .debug_macro   0x0002048b      0x327 Drivers/STM32F4xx_HAL_Driver/Src/stm32f4xx_hal_uart.o
 .debug_macro   0x000207b2      0x1fc Middlewares/Third_Party/FreeRTOS/Source/CMSIS_RTOS/cmsis_os.o
 .debug_macro   0x000209ae       0x52 Middlewares/Third_Party/FreeRTOS/Source/CMSIS_RTOS/cmsis_os.o
 .debug_macro   0x00020a00       0x8d Middlewares/Third_Party/FreeRTOS/Source/CMSIS_RTOS/cmsis_os.o
 .debug_macro   0x00020a8d      0x174 Middlewares/Third_Party/FreeRTOS/Source/CMSIS_RTOS/cmsis_os.o
 .debug_macro   0x00020c01       0x57 Middlewares/Third_Party/FreeRTOS/Source/CMSIS_RTOS/cmsis_os.o
 .debug_macro   0x00020c58       0x10 Middlewares/Third_Party/FreeRTOS/Source/CMSIS_RTOS/cmsis_os.o
 .debug_macro   0x00020c68       0x35 Middlewares/Third_Party/FreeRTOS/Source/CMSIS_RTOS/cmsis_os.o
 .debug_macro   0x00020c9d       0xee Middlewares/Third_Party/FreeRTOS/Source/CMSIS_RTOS/cmsis_os.o
 .debug_macro   0x00020d8b      0x168 Middlewares/Third_Party/FreeRTOS/Source/CMSIS_RTOS/cmsis_os.o
 .debug_macro   0x00020ef3       0xe4 Middlewares/Third_Party/FreeRTOS/Source/CMSIS_RTOS/cmsis_os.o
 .debug_macro   0x00020fd7       0x10 Middlewares/Third_Party/FreeRTOS/Source/CMSIS_RTOS/cmsis_os.o
 .debug_macro   0x00020fe7       0x26 Middlewares/Third_Party/FreeRTOS/Source/CMSIS_RTOS/cmsis_os.o
 .debug_macro   0x0002100d      0x408 Middlewares/Third_Party/FreeRTOS/Source/CMSIS_RTOS/cmsis_os.o
 .debug_macro   0x00021415       0xc0 Middlewares/Third_Party/FreeRTOS/Source/CMSIS_RTOS/cmsis_os.o
 .debug_macro   0x000214d5       0x8c Middlewares/Third_Party/FreeRTOS/Source/CMSIS_RTOS/cmsis_os.o
 .debug_macro   0x00021561       0x91 Middlewares/Third_Party/FreeRTOS/Source/CMSIS_RTOS/cmsis_os.o
 .debug_macro   0x000215f2       0x94 Middlewares/Third_Party/FreeRTOS/Source/CMSIS_RTOS/cmsis_os.o
 .debug_macro   0x00021686       0x63 Middlewares/Third_Party/FreeRTOS/Source/CMSIS_RTOS/cmsis_os.o
 .debug_macro   0x000216e9       0x19 Middlewares/Third_Party/FreeRTOS/Source/CMSIS_RTOS/cmsis_os.o
 .debug_macro   0x00021702       0xcf Middlewares/Third_Party/FreeRTOS/Source/CMSIS_RTOS/cmsis_os.o
 .debug_macro   0x000217d1       0x26 Middlewares/Third_Party/FreeRTOS/Source/CMSIS_RTOS/cmsis_os.o
 .debug_macro   0x000217f7      0x18a Middlewares/Third_Party/FreeRTOS/Source/list.o
 .debug_macro   0x00021981      0x210 Middlewares/Third_Party/FreeRTOS/Source/queue.o
 .debug_macro   0x00021b91       0x16 Middlewares/Third_Party/FreeRTOS/Source/queue.o
 .debug_macro   0x00021ba7      0x273 Middlewares/Third_Party/FreeRTOS/Source/tasks.o
 .debug_macro   0x00021e1a       0x11 Middlewares/Third_Party/FreeRTOS/Source/tasks.o
 .debug_macro   0x00021e2b      0x1c7 Middlewares/Third_Party/FreeRTOS/Source/timers.o
 .debug_macro   0x00021ff2      0x1ad Middlewares/Third_Party/FreeRTOS/Source/portable/GCC/ARM_CM4F/port.o
 .debug_macro   0x0002219f      0x1b1 Middlewares/Third_Party/FreeRTOS/Source/portable/MemMang/heap_4.o
 .debug_macro   0x00022350      0x3de Src/main.o
 .debug_macro   0x0002272e       0xf4 Src/main.o
 .debug_macro   0x00022822      0x326 Src/stm32f4xx_hal_msp.o
 .debug_macro   0x00022b48      0x326 Src/stm32f4xx_hal_timebase_TIM.o
 .debug_macro   0x00022e6e      0x3e4 Src/stm32f4xx_it.o
 .debug_macro   0x00023252      0x32c Src/system_stm32f4xx.o

.debug_line     0x00000000     0xcf95
 .debug_line    0x00000000      0x95d Drivers/STM32F4xx_HAL_Driver/Src/stm32f4xx_hal.o
 .debug_line    0x0000095d      0x9b8 Drivers/STM32F4xx_HAL_Driver/Src/stm32f4xx_hal_cortex.o
 .debug_line    0x00001315      0xaa3 Drivers/STM32F4xx_HAL_Driver/Src/stm32f4xx_hal_dma.o
 .debug_line    0x00001db8      0x900 Drivers/STM32F4xx_HAL_Driver/Src/stm32f4xx_hal_gpio.o
 .debug_line    0x000026b8      0x9f4 Drivers/STM32F4xx_HAL_Driver/Src/stm32f4xx_hal_rcc.o
 .debug_line    0x000030ac     0x17f2 Drivers/STM32F4xx_HAL_Driver/Src/stm32f4xx_hal_tim.o
 .debug_line    0x0000489e      0xd38 Drivers/STM32F4xx_HAL_Driver/Src/stm32f4xx_hal_tim_ex.o
 .debug_line    0x000055d6     0x1088 Drivers/STM32F4xx_HAL_Driver/Src/stm32f4xx_hal_uart.o
 .debug_line    0x0000665e      0xc01 Middlewares/Third_Party/FreeRTOS/Source/CMSIS_RTOS/cmsis_os.o
 .debug_line    0x0000725f      0x547 Middlewares/Third_Party/FreeRTOS/Source/list.o
 .debug_line    0x000077a6      0xa8c Middlewares/Third_Party/FreeRTOS/Source/queue.o
 .debug_line    0x00008232      0xe09 Middlewares/Third_Party/FreeRTOS/Source/tasks.o
 .debug_line    0x0000903b      0x79c Middlewares/Third_Party/FreeRTOS/Source/timers.o
 .debug_line    0x000097d7      0x5dc Middlewares/Third_Party/FreeRTOS/Source/portable/GCC/ARM_CM4F/port.o
 .debug_line    0x00009db3      0x5fa Middlewares/Third_Party/FreeRTOS/Source/portable/MemMang/heap_4.o
 .debug_line    0x0000a3ad      0xaf8 Src/main.o
 .debug_line    0x0000aea5      0x7bb Src/stm32f4xx_hal_msp.o
 .debug_line    0x0000b660      0x7ac Src/stm32f4xx_hal_timebase_TIM.o
 .debug_line    0x0000be0c      0x966 Src/stm32f4xx_it.o
 .debug_line    0x0000c772      0x7a4 Src/system_stm32f4xx.o
 .debug_line    0x0000cf16       0x7f startup/startup_stm32f407xx.o

.debug_str      0x00000000    0xcc480
 .debug_str     0x00000000    0xc141d Drivers/STM32F4xx_HAL_Driver/Src/stm32f4xx_hal.o
                              0xc1802 (size before relaxing)
 .debug_str     0x000c141d      0x39e Drivers/STM32F4xx_HAL_Driver/Src/stm32f4xx_hal_cortex.o
                              0xc1544 (size before relaxing)
 .debug_str     0x000c17bb      0x536 Drivers/STM32F4xx_HAL_Driver/Src/stm32f4xx_hal_dma.o
                              0xc10b9 (size before relaxing)
 .debug_str     0x000c1cf1      0x292 Drivers/STM32F4xx_HAL_Driver/Src/stm32f4xx_hal_gpio.o
                              0xc0ed7 (size before relaxing)
 .debug_str     0x000c1f83      0x384 Drivers/STM32F4xx_HAL_Driver/Src/stm32f4xx_hal_rcc.o
                              0xc10a1 (size before relaxing)
 .debug_str     0x000c2307      0xe81 Drivers/STM32F4xx_HAL_Driver/Src/stm32f4xx_hal_tim.o
                              0xc1cdf (size before relaxing)
 .debug_str     0x000c3188      0x4f4 Drivers/STM32F4xx_HAL_Driver/Src/stm32f4xx_hal_tim_ex.o
                              0xc159f (size before relaxing)
 .debug_str     0x000c367c      0x6d6 Drivers/STM32F4xx_HAL_Driver/Src/stm32f4xx_hal_uart.o
                              0xc151c (size before relaxing)
 .debug_str     0x000c3d52     0x5dae Middlewares/Third_Party/FreeRTOS/Source/CMSIS_RTOS/cmsis_os.o
                               0xd45f (size before relaxing)
 .debug_str     0x000c9b00      0x234 Middlewares/Third_Party/FreeRTOS/Source/list.o
                               0xa6cd (size before relaxing)
 .debug_str     0x000c9d34      0x746 Middlewares/Third_Party/FreeRTOS/Source/queue.o
                               0xbd72 (size before relaxing)
 .debug_str     0x000ca47a      0xf2c Middlewares/Third_Party/FreeRTOS/Source/tasks.o
                               0xc7a8 (size before relaxing)
 .debug_str     0x000cb3a6      0x3ee Middlewares/Third_Party/FreeRTOS/Source/timers.o
                               0xc224 (size before relaxing)
 .debug_str     0x000cb794      0x77c Middlewares/Third_Party/FreeRTOS/Source/portable/GCC/ARM_CM4F/port.o
                               0x8671 (size before relaxing)
 .debug_str     0x000cbf10      0x23a Middlewares/Third_Party/FreeRTOS/Source/portable/MemMang/heap_4.o
                               0xae0d (size before relaxing)
 .debug_str     0x000cc14a      0x1c7 Src/main.o
                              0xc6f9e (size before relaxing)
 .debug_str     0x000cc311       0x1b Src/stm32f4xx_hal_msp.o
                              0xc162d (size before relaxing)
 .debug_str     0x000cc32c       0x61 Src/stm32f4xx_hal_timebase_TIM.o
                              0xc1684 (size before relaxing)
 .debug_str     0x000cc38d       0x69 Src/stm32f4xx_it.o
                              0xc622a (size before relaxing)
 .debug_str     0x000cc3f6       0x5a Src/system_stm32f4xx.o
                              0xc0c93 (size before relaxing)
 .debug_str     0x000cc450       0x30 startup/startup_stm32f407xx.o
                                 0x51 (size before relaxing)

.comment        0x00000000       0x7e
 .comment       0x00000000       0x7e Drivers/STM32F4xx_HAL_Driver/Src/stm32f4xx_hal.o
                                 0x7f (size before relaxing)
 .comment       0x0000007e       0x7f Drivers/STM32F4xx_HAL_Driver/Src/stm32f4xx_hal_cortex.o
 .comment       0x0000007e       0x7f Drivers/STM32F4xx_HAL_Driver/Src/stm32f4xx_hal_dma.o
 .comment       0x0000007e       0x7f Drivers/STM32F4xx_HAL_Driver/Src/stm32f4xx_hal_gpio.o
 .comment       0x0000007e       0x7f Drivers/STM32F4xx_HAL_Driver/Src/stm32f4xx_hal_rcc.o
 .comment       0x0000007e       0x7f Drivers/STM32F4xx_HAL_Driver/Src/stm32f4xx_hal_tim.o
 .comment       0x0000007e       0x7f Drivers/STM32F4xx_HAL_Driver/Src/stm32f4xx_hal_tim_ex.o
 .comment       0x0000007e       0x7f Drivers/STM32F4xx_HAL_Driver/Src/stm32f4xx_hal_uart.o
 .comment       0x0000007e       0x7f Middlewares/Third_Party/FreeRTOS/Source/CMSIS_RTOS/cmsis_os.o
 .comment       0x0000007e       0x7f Middlewares/Third_Party/FreeRTOS/Source/list.o
 .comment       0x0000007e       0x7f Middlewares/Third_Party/FreeRTOS/Source/queue.o
 .comment       0x0000007e       0x7f Middlewares/Third_Party/FreeRTOS/Source/tasks.o
 .comment       0x0000007e       0x7f Middlewares/Third_Party/FreeRTOS/Source/timers.o
 .comment       0x0000007e       0x7f Middlewares/Third_Party/FreeRTOS/Source/portable/GCC/ARM_CM4F/port.o
 .comment       0x0000007e       0x7f Middlewares/Third_Party/FreeRTOS/Source/portable/MemMang/heap_4.o
 .comment       0x0000007e       0x7f Src/main.o
 .comment       0x0000007e       0x7f Src/stm32f4xx_hal_msp.o
 .comment       0x0000007e       0x7f Src/stm32f4xx_hal_timebase_TIM.o
 .comment       0x0000007e       0x7f Src/stm32f4xx_it.o
 .comment       0x0000007e       0x7f Src/system_stm32f4xx.o

.debug_frame    0x00000000     0x2e74
 .debug_frame   0x00000000      0x1cc Drivers/STM32F4xx_HAL_Driver/Src/stm32f4xx_hal.o
 .debug_frame   0x000001cc      0x15c Drivers/STM32F4xx_HAL_Driver/Src/stm32f4xx_hal_cortex.o
 .debug_frame   0x00000328      0x188 Drivers/STM32F4xx_HAL_Driver/Src/stm32f4xx_hal_dma.o
 .debug_frame   0x000004b0       0xd8 Drivers/STM32F4xx_HAL_Driver/Src/stm32f4xx_hal_gpio.o
 .debug_frame   0x00000588      0x184 Drivers/STM32F4xx_HAL_Driver/Src/stm32f4xx_hal_rcc.o
 .debug_frame   0x0000070c      0x9d0 Drivers/STM32F4xx_HAL_Driver/Src/stm32f4xx_hal_tim.o
 .debug_frame   0x000010dc      0x384 Drivers/STM32F4xx_HAL_Driver/Src/stm32f4xx_hal_tim_ex.o
 .debug_frame   0x00001460      0x4f0 Drivers/STM32F4xx_HAL_Driver/Src/stm32f4xx_hal_uart.o
 .debug_frame   0x00001950      0x5c8 Middlewares/Third_Party/FreeRTOS/Source/CMSIS_RTOS/cmsis_os.o
 .debug_frame   0x00001f18       0x6c Middlewares/Third_Party/FreeRTOS/Source/list.o
 .debug_frame   0x00001f84      0x2d0 Middlewares/Third_Party/FreeRTOS/Source/queue.o
 .debug_frame   0x00002254      0x504 Middlewares/Third_Party/FreeRTOS/Source/tasks.o
 .debug_frame   0x00002758      0x23c Middlewares/Third_Party/FreeRTOS/Source/timers.o
 .debug_frame   0x00002994       0xf0 Middlewares/Third_Party/FreeRTOS/Source/portable/GCC/ARM_CM4F/port.o
 .debug_frame   0x00002a84       0xac Middlewares/Third_Party/FreeRTOS/Source/portable/MemMang/heap_4.o
 .debug_frame   0x00002b30      0x14c Src/main.o
 .debug_frame   0x00002c7c       0x6c Src/stm32f4xx_hal_msp.o
 .debug_frame   0x00002ce8       0x50 Src/stm32f4xx_hal_timebase_TIM.o
 .debug_frame   0x00002d38       0x58 Src/stm32f4xx_it.o
 .debug_frame   0x00002d90       0x30 Src/system_stm32f4xx.o
 .debug_frame   0x00002dc0       0x2c e:/ac6/systemworkbench/plugins/fr.ac6.mcu.externaltools.arm-none.win32_1.16.0.201807130628/tools/compiler/bin/../lib/gcc/arm-none-eabi/7.2.1/thumb/v7e-m/fpv4-sp/hard\libgcc.a(_aeabi_uldivmod.o)
 .debug_frame   0x00002dec       0x34 e:/ac6/systemworkbench/plugins/fr.ac6.mcu.externaltools.arm-none.win32_1.16.0.201807130628/tools/compiler/bin/../lib/gcc/arm-none-eabi/7.2.1/thumb/v7e-m/fpv4-sp/hard\libgcc.a(_udivmoddi4.o)
 .debug_frame   0x00002e20       0x2c e:/ac6/systemworkbench/plugins/fr.ac6.mcu.externaltools.arm-none.win32_1.16.0.201807130628/tools/compiler/bin/../lib/gcc/arm-none-eabi/7.2.1/../../../../arm-none-eabi/lib/thumb/v7e-m/fpv4-sp/hard\libc_nano.a(lib_a-init.o)
 .debug_frame   0x00002e4c       0x28 e:/ac6/systemworkbench/plugins/fr.ac6.mcu.externaltools.arm-none.win32_1.16.0.201807130628/tools/compiler/bin/../lib/gcc/arm-none-eabi/7.2.1/../../../../arm-none-eabi/lib/thumb/v7e-m/fpv4-sp/hard\libc_nano.a(lib_a-memcpy-stub.o)
